warning: Git tree '/home/poisonphang/projects/github/unionlabs/union' is dirty
Using saved setting for 'extra-substituters = https://union.cachix.org/' from ~/.local/share/nix/trusted-settings.json.
Using saved setting for 'extra-trusted-public-keys = union.cachix.org-1:TV9o8jexzNVbM1VNBOq9fu8NK+hL6ZhOyOh0quATy+M=' from ~/.local/share/nix/trusted-settings.json.
this derivation will be built:
  /nix/store/vyyb0qpdyidxky4w6hd1qh0i7x7f4511-vm-test-run-ensure-blocks.drv
building '/nix/store/vyyb0qpdyidxky4w6hd1qh0i7x7f4511-vm-test-run-ensure-blocks.drv'...
vm-test-run-ensure-blocks> Machine state will be reset. To keep it, pass --keep-vm-state
vm-test-run-ensure-blocks> start all VLans
vm-test-run-ensure-blocks> start vlan
vm-test-run-ensure-blocks> running vlan (pid 7; ctl /build/vde1.ctl)
vm-test-run-ensure-blocks> (finished: start all VLans, in 0.00 seconds)
vm-test-run-ensure-blocks> run the VM test script
vm-test-run-ensure-blocks> additionally exposed symbols:
vm-test-run-ensure-blocks>     client, sepolia, union,
vm-test-run-ensure-blocks>     vlan1,
vm-test-run-ensure-blocks>     start_all, test_script, machines, vlans, driver, log, os, create_machine, subtest, run_tests, join_all, retry, serial_stdout_off, serial_stdout_on, polling_condition, Machine
vm-test-run-ensure-blocks> union: waiting for TCP port 26657 on localhost
vm-test-run-ensure-blocks> union: waiting for the VM to finish booting
vm-test-run-ensure-blocks> union: starting vm
vm-test-run-ensure-blocks> union # Disk image do not exist, creating the virtualisation disk image...
vm-test-run-ensure-blocks> union # Formatting '/build/vm-state-union/union.qcow2', fmt=qcow2 cluster_size=65536 extended_l2=off compression_type=zlib size=2147483648 lazy_refcounts=off refcount_bits=16
vm-test-run-ensure-blocks> union # Virtualisation disk image created.
vm-test-run-ensure-blocks> union: QEMU running (pid 8)
vm-test-run-ensure-blocks> union # cSeaBIOS (version rel-1.16.2-0-gea1b7a073390-prebuilt.qemu.org)
vm-test-run-ensure-blocks> union # 
vm-test-run-ensure-blocks> union # 
vm-test-run-ensure-blocks> union # iPXE (http://ipxe.org) 00:03.0 CA00 PCI2.10 PnP PMM+3EFD0CD0+3EF30CD0 CA00
vm-test-run-ensure-blocks> union # Press Ctrl-B to configure iPXE (PCI 00:03.0)...
vm-test-run-ensure-blocks> union # 
vm-test-run-ensure-blocks> union # 
vm-test-run-ensure-blocks> union # 
vm-test-run-ensure-blocks> union # 
vm-test-run-ensure-blocks> union # iPXE (http://ipxe.org) 00:09.0 CB00 PCI2.10 PnP PMM 3EFD0CD0 3EF30CD0 CB00
vm-test-run-ensure-blocks> union # Press Ctrl-B to configure iPXE (PCI 00:09.0)...
vm-test-run-ensure-blocks> union # 
vm-test-run-ensure-blocks> union # 
vm-test-run-ensure-blocks> union # Booting from ROM...
vm-test-run-ensure-blocks> union # Probing EDD (edd=off to disable)... oc[    0.000000] Linux version 6.1.33 (nixbld@localhost) (gcc (GCC) 12.3.0, GNU ld (GNU Binutils) 2.40) #1-NixOS SMP PREEMPT_DYNAMIC Fri Jun  9 08:34:30 UTC 2023
vm-test-run-ensure-blocks> union # [    0.000000] Command line: console=ttyS0 panic=1 boot.panic_on_fail clock=acpi_pm loglevel=7 net.ifnames=0 init=/nix/store/iaym2ickdclzlaa5q093syv8p7a78yy3-nixos-system-union-23.11pre-git/init regInfo=/nix/store/hazg1ql3z9ri3jgiag7zpslbdr3gwbwr-closure-info/registration console=ttyS0
vm-test-run-ensure-blocks> union # [    0.000000] x86/fpu: Supporting XSAVE feature 0x001: 'x87 floating point registers'
vm-test-run-ensure-blocks> union # [    0.000000] x86/fpu: Supporting XSAVE feature 0x002: 'SSE registers'
vm-test-run-ensure-blocks> union # [    0.000000] x86/fpu: Supporting XSAVE feature 0x004: 'AVX registers'
vm-test-run-ensure-blocks> union # [    0.000000] x86/fpu: Supporting XSAVE feature 0x200: 'Protection Keys User registers'
vm-test-run-ensure-blocks> union # [    0.000000] x86/fpu: xstate_offset[2]:  576, xstate_sizes[2]:  256
vm-test-run-ensure-blocks> union # [    0.000000] x86/fpu: xstate_offset[9]:  832, xstate_sizes[9]:    8
vm-test-run-ensure-blocks> union # [    0.000000] x86/fpu: Enabled xstate features 0x207, context size is 840 bytes, using 'compacted' format.
vm-test-run-ensure-blocks> union # [    0.000000] signal: max sigframe size: 3376
vm-test-run-ensure-blocks> union # [    0.000000] BIOS-provided physical RAM map:
vm-test-run-ensure-blocks> union # [    0.000000] BIOS-e820: [mem 0x0000000000000000-0x000000000009fbff] usable
vm-test-run-ensure-blocks> union # [    0.000000] BIOS-e820: [mem 0x000000000009fc00-0x000000000009ffff] reserved
vm-test-run-ensure-blocks> union # [    0.000000] BIOS-e820: [mem 0x00000000000f0000-0x00000000000fffff] reserved
vm-test-run-ensure-blocks> union # [    0.000000] BIOS-e820: [mem 0x0000000000100000-0x000000003ffdafff] usable
vm-test-run-ensure-blocks> union # [    0.000000] BIOS-e820: [mem 0x000000003ffdb000-0x000000003fffffff] reserved
vm-test-run-ensure-blocks> union # [    0.000000] BIOS-e820: [mem 0x00000000feffc000-0x00000000feffffff] reserved
vm-test-run-ensure-blocks> union # [    0.000000] BIOS-e820: [mem 0x00000000fffc0000-0x00000000ffffffff] reserved
vm-test-run-ensure-blocks> union # [    0.000000] BIOS-e820: [mem 0x000000fd00000000-0x000000ffffffffff] reserved
vm-test-run-ensure-blocks> union # [    0.000000] NX (Execute Disable) protection: active
vm-test-run-ensure-blocks> union # [    0.000000] SMBIOS 2.8 present.
vm-test-run-ensure-blocks> union # [    0.000000] DMI: QEMU Standard PC (i440FX + PIIX, 1996), BIOS rel-1.16.2-0-gea1b7a073390-prebuilt.qemu.org 04/01/2014
vm-test-run-ensure-blocks> union # [    0.000000] Hypervisor detected: KVM
vm-test-run-ensure-blocks> union # [    0.000000] kvm-clock: Using msrs 4b564d01 and 4b564d00
vm-test-run-ensure-blocks> union # [    0.000000] kvm-clock: using sched offset of 260324038 cycles
vm-test-run-ensure-blocks> union # [    0.000001] clocksource: kvm-clock: mask: 0xffffffffffffffff max_cycles: 0x1cd42e4dffb, max_idle_ns: 881590591483 ns
vm-test-run-ensure-blocks> union # [    0.000003] tsc: Detected 3799.998 MHz processor
vm-test-run-ensure-blocks> union # [    0.000545] last_pfn = 0x3ffdb max_arch_pfn = 0x400000000
vm-test-run-ensure-blocks> union # [    0.000581] x86/PAT: Configuration [0-7]: WB  WC  UC- UC  WB  WP  UC- WT
vm-test-run-ensure-blocks> union # [    0.001996] found SMP MP-table at [mem 0x000f5b50-0x000f5b5f]
vm-test-run-ensure-blocks> union # [    0.002053] Using GB pages for direct mapping
vm-test-run-ensure-blocks> union # [    0.002157] RAMDISK: [mem 0x3f3ad000-0x3ffcffff]
vm-test-run-ensure-blocks> union # [    0.002162] ACPI: Early table checksum verification disabled
vm-test-run-ensure-blocks> union # [    0.002165] ACPI: RSDP 0x00000000000F5970 000014 (v00 BOCHS )
vm-test-run-ensure-blocks> union # [    0.002169] ACPI: RSDT 0x000000003FFE1B82 000034 (v01 BOCHS  BXPC     00000001 BXPC 00000001)
vm-test-run-ensure-blocks> union # [    0.002172] ACPI: FACP 0x000000003FFE1A36 000074 (v01 BOCHS  BXPC     00000001 BXPC 00000001)
vm-test-run-ensure-blocks> union # [    0.002174] ACPI: DSDT 0x000000003FFE0040 0019F6 (v01 BOCHS  BXPC     00000001 BXPC 00000001)
vm-test-run-ensure-blocks> union # [    0.002176] ACPI: FACS 0x000000003FFE0000 000040
vm-test-run-ensure-blocks> union # [    0.002177] ACPI: APIC 0x000000003FFE1AAA 000078 (v01 BOCHS  BXPC     00000001 BXPC 00000001)
vm-test-run-ensure-blocks> union # [    0.002178] ACPI: HPET 0x000000003FFE1B22 000038 (v01 BOCHS  BXPC     00000001 BXPC 00000001)
vm-test-run-ensure-blocks> union # [    0.002179] ACPI: WAET 0x000000003FFE1B5A 000028 (v01 BOCHS  BXPC     00000001 BXPC 00000001)
vm-test-run-ensure-blocks> union # [    0.002181] ACPI: Reserving FACP table memory at [mem 0x3ffe1a36-0x3ffe1aa9]
vm-test-run-ensure-blocks> union # [    0.002181] ACPI: Reserving DSDT table memory at [mem 0x3ffe0040-0x3ffe1a35]
vm-test-run-ensure-blocks> union # [    0.002182] ACPI: Reserving FACS table memory at [mem 0x3ffe0000-0x3ffe003f]
vm-test-run-ensure-blocks> union # [    0.002182] ACPI: Reserving APIC table memory at [mem 0x3ffe1aaa-0x3ffe1b21]
vm-test-run-ensure-blocks> union # [    0.002183] ACPI: Reserving HPET table memory at [mem 0x3ffe1b22-0x3ffe1b59]
vm-test-run-ensure-blocks> union # [    0.002183] ACPI: Reserving WAET table memory at [mem 0x3ffe1b5a-0x3ffe1b81]
vm-test-run-ensure-blocks> union # [    0.002362] No NUMA configuration found
vm-test-run-ensure-blocks> union # [    0.002362] Faking a node at [mem 0x0000000000000000-0x000000003ffdafff]
vm-test-run-ensure-blocks> union # [    0.002364] NODE_DATA(0) allocated [mem 0x3ffd5000-0x3ffdafff]
vm-test-run-ensure-blocks> union # [    0.002376] Zone ranges:
vm-test-run-ensure-blocks> union # [    0.002376]   DMA      [mem 0x0000000000001000-0x0000000000ffffff]
vm-test-run-ensure-blocks> union # [    0.002377]   DMA32    [mem 0x0000000001000000-0x000000003ffdafff]
vm-test-run-ensure-blocks> union # [    0.002378]   Normal   empty
vm-test-run-ensure-blocks> union # [    0.002378]   Device   empty
vm-test-run-ensure-blocks> union # [    0.002379] Movable zone start for each node
vm-test-run-ensure-blocks> union # [    0.002379] Early memory node ranges
vm-test-run-ensure-blocks> union # [    0.002380]   node   0: [mem 0x0000000000001000-0x000000000009efff]
vm-test-run-ensure-blocks> union # [    0.002380]   node   0: [mem 0x0000000000100000-0x000000003ffdafff]
vm-test-run-ensure-blocks> union # [    0.002381] Initmem setup node 0 [mem 0x0000000000001000-0x000000003ffdafff]
vm-test-run-ensure-blocks> union # [    0.002523] On node 0, zone DMA: 1 pages in unavailable ranges
vm-test-run-ensure-blocks> union # [    0.002531] On node 0, zone DMA: 97 pages in unavailable ranges
vm-test-run-ensure-blocks> union # [    0.003833] On node 0, zone DMA32: 37 pages in unavailable ranges
vm-test-run-ensure-blocks> union # [    0.004193] ACPI: PM-Timer IO Port: 0x608
vm-test-run-ensure-blocks> union # [    0.004198] ACPI: LAPIC_NMI (acpi_id[0xff] dfl dfl lint[0x1])
vm-test-run-ensure-blocks> union # [    0.004215] IOAPIC[0]: apic_id 0, version 17, address 0xfec00000, GSI 0-23
vm-test-run-ensure-blocks> union # [    0.004216] ACPI: INT_SRC_OVR (bus 0 bus_irq 0 global_irq 2 dfl dfl)
vm-test-run-ensure-blocks> union # [    0.004217] ACPI: INT_SRC_OVR (bus 0 bus_irq 5 global_irq 5 high level)
vm-test-run-ensure-blocks> union # [    0.004218] ACPI: INT_SRC_OVR (bus 0 bus_irq 9 global_irq 9 high level)
vm-test-run-ensure-blocks> union # [    0.004218] ACPI: INT_SRC_OVR (bus 0 bus_irq 10 global_irq 10 high level)
vm-test-run-ensure-blocks> union # [    0.004219] ACPI: INT_SRC_OVR (bus 0 bus_irq 11 global_irq 11 high level)
vm-test-run-ensure-blocks> union # [    0.004221] ACPI: Using ACPI (MADT) for SMP configuration information
vm-test-run-ensure-blocks> union # [    0.004222] ACPI: HPET id: 0x8086a201 base: 0xfed00000
vm-test-run-ensure-blocks> union # [    0.004223] TSC deadline timer available
vm-test-run-ensure-blocks> union # [    0.004226] smpboot: Allowing 1 CPUs, 0 hotplug CPUs
vm-test-run-ensure-blocks> union # [    0.004240] PM: hibernation: Registered nosave memory: [mem 0x00000000-0x00000fff]
vm-test-run-ensure-blocks> union # [    0.004241] PM: hibernation: Registered nosave memory: [mem 0x0009f000-0x0009ffff]
vm-test-run-ensure-blocks> union # [    0.004242] PM: hibernation: Registered nosave memory: [mem 0x000a0000-0x000effff]
vm-test-run-ensure-blocks> union # [    0.004242] PM: hibernation: Registered nosave memory: [mem 0x000f0000-0x000fffff]
vm-test-run-ensure-blocks> union # [    0.004243] [mem 0x40000000-0xfeffbfff] available for PCI devices
vm-test-run-ensure-blocks> union # [    0.004243] Booting paravirtualized kernel on KVM
vm-test-run-ensure-blocks> union # [    0.004244] clocksource: refined-jiffies: mask: 0xffffffff max_cycles: 0xffffffff, max_idle_ns: 1910969940391419 ns
vm-test-run-ensure-blocks> union # [    0.006266] setup_percpu: NR_CPUS:384 nr_cpumask_bits:1 nr_cpu_ids:1 nr_node_ids:1
vm-test-run-ensure-blocks> union # [    0.006582] percpu: Embedded 61 pages/cpu s212992 r8192 d28672 u2097152
vm-test-run-ensure-blocks> union # [    0.006605] kvm-guest: PV spinlocks disabled, single CPU
vm-test-run-ensure-blocks> union # [    0.006606] Fallback order for Node 0: 0
vm-test-run-ensure-blocks> union # [    0.006608] Built 1 zonelists, mobility grouping on.  Total pages: 257755
vm-test-run-ensure-blocks> union # [    0.006609] Policy zone: DMA32
vm-test-run-ensure-blocks> union # [    0.006609] Kernel command line: console=ttyS0 panic=1 boot.panic_on_fail clock=acpi_pm loglevel=7 net.ifnames=0 init=/nix/store/iaym2ickdclzlaa5q093syv8p7a78yy3-nixos-system-union-23.11pre-git/init regInfo=/nix/store/hazg1ql3z9ri3jgiag7zpslbdr3gwbwr-closure-info/registration console=ttyS0
vm-test-run-ensure-blocks> union # [    0.006625] clocksource: clock= boot option is deprecated - use clocksource=xyz
vm-test-run-ensure-blocks> union # [    0.006649] Unknown kernel command line parameters "regInfo=/nix/store/hazg1ql3z9ri3jgiag7zpslbdr3gwbwr-closure-info/registration", will be passed to user space.
vm-test-run-ensure-blocks> union # [    0.006670] random: crng init done
vm-test-run-ensure-blocks> union # [    0.006733] Dentry cache hash table entries: 131072 (order: 8, 1048576 bytes, linear)
vm-test-run-ensure-blocks> union # [    0.006762] Inode-cache hash table entries: 65536 (order: 7, 524288 bytes, linear)
vm-test-run-ensure-blocks> union # [    0.006776] mem auto-init: stack:all(zero), heap alloc:off, heap free:off
vm-test-run-ensure-blocks> union # [    0.007428] Memory: 981596K/1048036K available (12294K kernel code, 2308K rwdata, 7544K rodata, 1876K init, 4312K bss, 66180K reserved, 0K cma-reserved)
vm-test-run-ensure-blocks> union # [    0.007475] SLUB: HWalign=64, Order=0-3, MinObjects=0, CPUs=1, Nodes=1
vm-test-run-ensure-blocks> union # [    0.007480] ftrace: allocating 37071 entries in 145 pages
vm-test-run-ensure-blocks> union # [    0.012838] ftrace: allocated 145 pages with 3 groups
vm-test-run-ensure-blocks> union # [    0.013161] Dynamic Preempt: voluntary
vm-test-run-ensure-blocks> union # [    0.013317] rcu: Preemptible hierarchical RCU implementation.
vm-test-run-ensure-blocks> union # [    0.013318] rcu:  RCU event tracing is enabled.
vm-test-run-ensure-blocks> union # [    0.013318] rcu:  RCU restricting CPUs from NR_CPUS=384 to nr_cpu_ids=1.
vm-test-run-ensure-blocks> union # [    0.013319]       Trampoline variant of Tasks RCU enabled.
vm-test-run-ensure-blocks> union # [    0.013319]       Rude variant of Tasks RCU enabled.
vm-test-run-ensure-blocks> union # [    0.013320]       Tracing variant of Tasks RCU enabled.
vm-test-run-ensure-blocks> union # [    0.013320] rcu: RCU calculated value of scheduler-enlistment delay is 100 jiffies.
vm-test-run-ensure-blocks> union # [    0.013321] rcu: Adjusting geometry for rcu_fanout_leaf=16, nr_cpu_ids=1
vm-test-run-ensure-blocks> union # [    0.015321] NR_IRQS: 24832, nr_irqs: 256, preallocated irqs: 16
vm-test-run-ensure-blocks> union # [    0.015469] rcu: srcu_init: Setting srcu_struct sizes based on contention.
vm-test-run-ensure-blocks> union # [    0.018540] Console: colour VGA+ 80x25
vm-test-run-ensure-blocks> union # [    0.098135] printk: console [ttyS0] enabled
vm-test-run-ensure-blocks> union # [    0.098591] ACPI: Core revision 20220331
vm-test-run-ensure-blocks> union # [    0.099106] clocksource: hpet: mask: 0xffffffff max_cycles: 0xffffffff, max_idle_ns: 19112604467 ns
vm-test-run-ensure-blocks> union # [    0.100137] APIC: Switch to symmetric I/O mode setup
vm-test-run-ensure-blocks> union # [    0.100827] x2apic enabled
vm-test-run-ensure-blocks> union # [    0.101309] Switched APIC routing to physical x2apic.
vm-test-run-ensure-blocks> union # [    0.102671] ..TIMER: vector=0x30 apic1=0 pin1=2 apic2=-1 pin2=-1
vm-test-run-ensure-blocks> union # [    0.103312] clocksource: tsc-early: mask: 0xffffffffffffffff max_cycles: 0x6d8cab05ec1, max_idle_ns: 881590646801 ns
vm-test-run-ensure-blocks> union # [    0.104411] Calibrating delay loop (skipped) preset value.. 7599.99 BogoMIPS (lpj=3799998)
vm-test-run-ensure-blocks> union # [    0.105410] pid_max: default: 32768 minimum: 301
vm-test-run-ensure-blocks> union # [    0.105912] LSM: Security Framework initializing
vm-test-run-ensure-blocks> union # [    0.106418] landlock: Up and running.
vm-test-run-ensure-blocks> union # [    0.106811] Yama: becoming mindful.
vm-test-run-ensure-blocks> union # [    0.107185] SELinux:  Initializing.
vm-test-run-ensure-blocks> union # [    0.107418] LSM support for eBPF active
vm-test-run-ensure-blocks> union # [    0.108009] Mount-cache hash table entries: 2048 (order: 2, 16384 bytes, linear)
vm-test-run-ensure-blocks> union # [    0.108411] Mountpoint-cache hash table entries: 2048 (order: 2, 16384 bytes, linear)
vm-test-run-ensure-blocks> union # [    0.109665] x86/cpu: User Mode Instruction Prevention (UMIP) activated
vm-test-run-ensure-blocks> union # [    0.110504] Last level iTLB entries: 4KB 512, 2MB 255, 4MB 127
vm-test-run-ensure-blocks> union # [    0.111409] Last level dTLB entries: 4KB 512, 2MB 255, 4MB 127, 1GB 0
vm-test-run-ensure-blocks> union # [    0.112088] Spectre V1 : Mitigation: usercopy/swapgs barriers and __user pointer sanitization
vm-test-run-ensure-blocks> union # [    0.112410] Spectre V2 : Mitigation: Retpolines
vm-test-run-ensure-blocks> union # [    0.113409] Spectre V2 : Spectre v2 / SpectreRSB mitigation: Filling RSB on context switch
vm-test-run-ensure-blocks> union # [    0.114409] Spectre V2 : Spectre v2 / SpectreRSB : Filling RSB on VMEXIT
vm-test-run-ensure-blocks> union # [    0.115106] Spectre V2 : Enabling Restricted Speculation for firmware calls
vm-test-run-ensure-blocks> union # [    0.115410] Spectre V2 : mitigation: Enabling conditional Indirect Branch Prediction Barrier
vm-test-run-ensure-blocks> union # [    0.116410] Speculative Store Bypass: Mitigation: Speculative Store Bypass disabled via prctl
vm-test-run-ensure-blocks> union # [    0.129120] Freeing SMP alternatives memory: 32K
vm-test-run-ensure-blocks> union # [    0.129492] smpboot: CPU0: AMD Ryzen 7 5800X 8-Core Processor (family: 0x19, model: 0x21, stepping: 0x0)
vm-test-run-ensure-blocks> union # [    0.130485] cblist_init_generic: Setting adjustable number of callback queues.
vm-test-run-ensure-blocks> union # [    0.131411] cblist_init_generic: Setting shift to 0 and lim to 1.
vm-test-run-ensure-blocks> union # [    0.132423] cblist_init_generic: Setting shift to 0 and lim to 1.
vm-test-run-ensure-blocks> union # [    0.133421] cblist_init_generic: Setting shift to 0 and lim to 1.
vm-test-run-ensure-blocks> union # [    0.134421] Performance Events: Fam17h+ core perfctr, AMD PMU driver.
vm-test-run-ensure-blocks> union # [    0.135413] ... version:                0
vm-test-run-ensure-blocks> union # [    0.135833] ... bit width:              48
vm-test-run-ensure-blocks> union # [    0.136411] ... generic registers:      6
vm-test-run-ensure-blocks> union # [    0.136831] ... value mask:             0000ffffffffffff
vm-test-run-ensure-blocks> union # [    0.137411] ... max period:             00007fffffffffff
vm-test-run-ensure-blocks> union # [    0.138411] ... fixed-purpose events:   0
vm-test-run-ensure-blocks> union # [    0.138834] ... event mask:             000000000000003f
vm-test-run-ensure-blocks> union # [    0.139485] rcu: Hierarchical SRCU implementation.
vm-test-run-ensure-blocks> union # [    0.140411] rcu:  Max phase no-delay instances is 400.
vm-test-run-ensure-blocks> union # [    0.141625] smp: Bringing up secondary CPUs ...
vm-test-run-ensure-blocks> union # [    0.142412] smp: Brought up 1 node, 1 CPU
vm-test-run-ensure-blocks> union # [    0.142833] smpboot: Max logical packages: 1
vm-test-run-ensure-blocks> union # [    0.143411] smpboot: Total of 1 processors activated (7599.99 BogoMIPS)
vm-test-run-ensure-blocks> union # [    0.144561] devtmpfs: initialized
vm-test-run-ensure-blocks> union # [    0.145415] x86/mm: Memory block size: 128MB
vm-test-run-ensure-blocks> union # [    0.146497] clocksource: jiffies: mask: 0xffffffff max_cycles: 0xffffffff, max_idle_ns: 1911260446275000 ns
vm-test-run-ensure-blocks> union # [    0.147412] futex hash table entries: 256 (order: 2, 16384 bytes, linear)
vm-test-run-ensure-blocks> union # [    0.148430] pinctrl core: initialized pinctrl subsystem
vm-test-run-ensure-blocks> union # [    0.149867] NET: Registered PF_NETLINK/PF_ROUTE protocol family
vm-test-run-ensure-blocks> union # [    0.150458] DMA: preallocated 128 KiB GFP_KERNEL pool for atomic allocations
vm-test-run-ensure-blocks> union # [    0.151413] DMA: preallocated 128 KiB GFP_KERNEL|GFP_DMA pool for atomic allocations
vm-test-run-ensure-blocks> union # [    0.152412] DMA: preallocated 128 KiB GFP_KERNEL|GFP_DMA32 pool for atomic allocations
vm-test-run-ensure-blocks> union # [    0.153416] audit: initializing netlink subsys (disabled)
vm-test-run-ensure-blocks> union # [    0.154479] thermal_sys: Registered thermal governor 'bang_bang'
vm-test-run-ensure-blocks> union # [    0.154480] thermal_sys: Registered thermal governor 'step_wise'
vm-test-run-ensure-blocks> union # [    0.155411] thermal_sys: Registered thermal governor 'user_space'
vm-test-run-ensure-blocks> union # [    0.156425] audit: type=2000 audit(1693338892.293:1): state=initialized audit_enabled=0 res=1
vm-test-run-ensure-blocks> union # [    0.158417] cpuidle: using governor menu
vm-test-run-ensure-blocks> union # [    0.159733] acpiphp: ACPI Hot Plug PCI Controller Driver version: 0.5
vm-test-run-ensure-blocks> union # [    0.160481] PCI: Using configuration type 1 for base access
vm-test-run-ensure-blocks> union # [    0.161411] PCI: Using configuration type 1 for extended access
vm-test-run-ensure-blocks> union # [    0.162831] kprobes: kprobe jump-optimization is enabled. All kprobes are optimized if possible.
vm-test-run-ensure-blocks> union # [    0.188605] HugeTLB: registered 1.00 GiB page size, pre-allocated 0 pages
vm-test-run-ensure-blocks> union # [    0.189411] HugeTLB: 16380 KiB vmemmap can be freed for a 1.00 GiB page
vm-test-run-ensure-blocks> union # [    0.190411] HugeTLB: registered 2.00 MiB page size, pre-allocated 0 pages
vm-test-run-ensure-blocks> union # [    0.191411] HugeTLB: 28 KiB vmemmap can be freed for a 2.00 MiB page
vm-test-run-ensure-blocks> union # [    0.192553] ACPI: Added _OSI(Module Device)
vm-test-run-ensure-blocks> union # [    0.193412] ACPI: Added _OSI(Processor Device)
vm-test-run-ensure-blocks> union # [    0.193868] ACPI: Added _OSI(3.0 _SCP Extensions)
vm-test-run-ensure-blocks> union # [    0.194411] ACPI: Added _OSI(Processor Aggregator Device)
vm-test-run-ensure-blocks> union # [    0.195709] ACPI: 1 ACPI AML tables successfully acquired and loaded
vm-test-run-ensure-blocks> union # [    0.197477] ACPI: Interpreter enabled
vm-test-run-ensure-blocks> union # [    0.197863] ACPI: PM: (supports S0 S3 S4 S5)
vm-test-run-ensure-blocks> union # [    0.198411] ACPI: Using IOAPIC for interrupt routing
vm-test-run-ensure-blocks> union # [    0.198927] PCI: Using host bridge windows from ACPI; if necessary, use "pci=nocrs" and report a bug
vm-test-run-ensure-blocks> union # [    0.199411] PCI: Using E820 reservations for host bridge windows
vm-test-run-ensure-blocks> union # [    0.200459] ACPI: Enabled 2 GPEs in block 00 to 0F
vm-test-run-ensure-blocks> union # [    0.203466] ACPI: PCI Root Bridge [PCI0] (domain 0000 [bus 00-ff])
vm-test-run-ensure-blocks> union # [    0.204416] acpi PNP0A03:00: _OSC: OS supports [ExtendedConfig ASPM ClockPM Segments MSI HPX-Type3]
vm-test-run-ensure-blocks> union # [    0.205534] acpiphp: Slot [3] registered
vm-test-run-ensure-blocks> union # [    0.206422] acpiphp: Slot [4] registered
vm-test-run-ensure-blocks> union # [    0.206838] acpiphp: Slot [5] registered
vm-test-run-ensure-blocks> union # [    0.207424] acpiphp: Slot [6] registered
vm-test-run-ensure-blocks> union # [    0.207842] acpiphp: Slot [7] registered
vm-test-run-ensure-blocks> union # [    0.208422] acpiphp: Slot [8] registered
vm-test-run-ensure-blocks> union # [    0.208844] acpiphp: Slot [9] registered
vm-test-run-ensure-blocks> union # [    0.209423] acpiphp: Slot [10] registered
vm-test-run-ensure-blocks> union # [    0.209854] acpiphp: Slot [11] registered
vm-test-run-ensure-blocks> union # [    0.210423] acpiphp: Slot [12] registered
vm-test-run-ensure-blocks> union # [    0.210849] acpiphp: Slot [13] registered
vm-test-run-ensure-blocks> union # [    0.211423] acpiphp: Slot [14] registered
vm-test-run-ensure-blocks> union # [    0.211850] acpiphp: Slot [15] registered
vm-test-run-ensure-blocks> union # [    0.212426] acpiphp: Slot [16] registered
vm-test-run-ensure-blocks> union # [    0.212854] acpiphp: Slot [17] registered
vm-test-run-ensure-blocks> union # [    0.213423] acpiphp: Slot [18] registered
vm-test-run-ensure-blocks> union # [    0.213849] acpiphp: Slot [19] registered
vm-test-run-ensure-blocks> union # [    0.214422] acpiphp: Slot [20] registered
vm-test-run-ensure-blocks> union # [    0.214855] acpiphp: Slot [21] registered
vm-test-run-ensure-blocks> union # [    0.215422] acpiphp: Slot [22] registered
vm-test-run-ensure-blocks> union # [    0.215854] acpiphp: Slot [23] registered
vm-test-run-ensure-blocks> union # [    0.216422] acpiphp: Slot [24] registered
vm-test-run-ensure-blocks> union # [    0.216854] acpiphp: Slot [25] registered
vm-test-run-ensure-blocks> union # [    0.217422] acpiphp: Slot [26] registered
vm-test-run-ensure-blocks> union # [    0.217849] acpiphp: Slot [27] registered
vm-test-run-ensure-blocks> union # [    0.218423] acpiphp: Slot [28] registered
vm-test-run-ensure-blocks> union # [    0.218855] acpiphp: Slot [29] registered
vm-test-run-ensure-blocks> union # [    0.219425] acpiphp: Slot [30] registered
vm-test-run-ensure-blocks> union # [    0.219859] acpiphp: Slot [31] registered
vm-test-run-ensure-blocks> union # [    0.220418] PCI host bridge to bus 0000:00
vm-test-run-ensure-blocks> union # [    0.220839] pci_bus 0000:00: root bus resource [io  0x0000-0x0cf7 window]
vm-test-run-ensure-blocks> union # [    0.221411] pci_bus 0000:00: root bus resource [io  0x0d00-0xffff window]
vm-test-run-ensure-blocks> union # [    0.222410] pci_bus 0000:00: root bus resource [mem 0x000a0000-0x000bffff window]
vm-test-run-ensure-blocks> union # [    0.223410] pci_bus 0000:00: root bus resource [mem 0x40000000-0xfebfffff window]
vm-test-run-ensure-blocks> union # [    0.224410] pci_bus 0000:00: root bus resource [mem 0x100000000-0x17fffffff window]
vm-test-run-ensure-blocks> union # [    0.225411] pci_bus 0000:00: root bus resource [bus 00-ff]
vm-test-run-ensure-blocks> union # [    0.226525] pci 0000:00:00.0: [8086:1237] type 00 class 0x060000
vm-test-run-ensure-blocks> union # [    0.227700] pci 0000:00:01.0: [8086:7000] type 00 class 0x060100
vm-test-run-ensure-blocks> union # [    0.228793] pci 0000:00:01.1: [8086:7010] type 00 class 0x010180
vm-test-run-ensure-blocks> union # [    0.233411] pci 0000:00:01.1: reg 0x20: [io  0xc1e0-0xc1ef]
vm-test-run-ensure-blocks> union # [    0.236567] pci 0000:00:01.1: legacy IDE quirk: reg 0x10: [io  0x01f0-0x01f7]
vm-test-run-ensure-blocks> union # [    0.237411] pci 0000:00:01.1: legacy IDE quirk: reg 0x14: [io  0x03f6]
vm-test-run-ensure-blocks> union # [    0.238411] pci 0000:00:01.1: legacy IDE quirk: reg 0x18: [io  0x0170-0x0177]
vm-test-run-ensure-blocks> union # [    0.239410] pci 0000:00:01.1: legacy IDE quirk: reg 0x1c: [io  0x0376]
vm-test-run-ensure-blocks> union # [    0.240507] pci 0000:00:01.2: [8086:7020] type 00 class 0x0c0300
vm-test-run-ensure-blocks> union # [    0.243920] pci 0000:00:01.2: reg 0x20: [io  0xc100-0xc11f]
vm-test-run-ensure-blocks> union # [    0.246516] pci 0000:00:01.3: [8086:7113] type 00 class 0x068000
vm-test-run-ensure-blocks> union # [    0.247711] pci 0000:00:01.3: quirk: [io  0x0600-0x063f] claimed by PIIX4 ACPI
vm-test-run-ensure-blocks> union # [    0.248416] pci 0000:00:01.3: quirk: [io  0x0700-0x070f] claimed by PIIX4 SMB
vm-test-run-ensure-blocks> union # [    0.249547] pci 0000:00:02.0: [1234:1111] type 00 class 0x030000
vm-test-run-ensure-blocks> union # [    0.251414] pci 0000:00:02.0: reg 0x10: [mem 0xfd000000-0xfdffffff pref]
vm-test-run-ensure-blocks> union # [    0.254413] pci 0000:00:02.0: reg 0x18: [mem 0xfebd0000-0xfebd0fff]
vm-test-run-ensure-blocks> union # [    0.262413] pci 0000:00:02.0: reg 0x30: [mem 0xfebc0000-0xfebcffff pref]
vm-test-run-ensure-blocks> union # [    0.263442] pci 0000:00:02.0: Video device with shadowed ROM at [mem 0x000c0000-0x000dffff]
vm-test-run-ensure-blocks> union # [    0.264582] pci 0000:00:03.0: [1af4:1000] type 00 class 0x020000
vm-test-run-ensure-blocks> union # [    0.266411] pci 0000:00:03.0: reg 0x10: [io  0xc120-0xc13f]
vm-test-run-ensure-blocks> union # [    0.268411] pci 0000:00:03.0: reg 0x14: [mem 0xfebd1000-0xfebd1fff]
vm-test-run-ensure-blocks> union # [    0.273411] pci 0000:00:03.0: reg 0x20: [mem 0xfe000000-0xfe003fff 64bit pref]
vm-test-run-ensure-blocks> union # [    0.276412] pci 0000:00:03.0: reg 0x30: [mem 0xfeb40000-0xfeb7ffff pref]
vm-test-run-ensure-blocks> union # [    0.279913] pci 0000:00:04.0: [1af4:1005] type 00 class 0x00ff00
vm-test-run-ensure-blocks> union # [    0.281412] pci 0000:00:04.0: reg 0x10: [io  0xc140-0xc15f]
vm-test-run-ensure-blocks> union # [    0.282918] pci 0000:00:04.0: reg 0x14: [mem 0xfebd2000-0xfebd2fff]
vm-test-run-ensure-blocks> union # [    0.285699] pci 0000:00:04.0: reg 0x20: [mem 0xfe004000-0xfe007fff 64bit pref]
vm-test-run-ensure-blocks> union # [    0.288474] pci 0000:00:05.0: [1af4:1009] type 00 class 0x000200
vm-test-run-ensure-blocks> union # [    0.290411] pci 0000:00:05.0: reg 0x10: [io  0xc080-0xc0bf]
vm-test-run-ensure-blocks> union # [    0.292411] pci 0000:00:05.0: reg 0x14: [mem 0xfebd3000-0xfebd3fff]
vm-test-run-ensure-blocks> union # [    0.295411] pci 0000:00:05.0: reg 0x20: [mem 0xfe008000-0xfe00bfff 64bit pref]
vm-test-run-ensure-blocks> union # [    0.298451] pci 0000:00:06.0: [1af4:1009] type 00 class 0x000200
vm-test-run-ensure-blocks> union # [    0.299916] pci 0000:00:06.0: reg 0x10: [io  0xc160-0xc17f]
vm-test-run-ensure-blocks> union # [    0.301411] pci 0000:00:06.0: reg 0x14: [mem 0xfebd4000-0xfebd4fff]
vm-test-run-ensure-blocks> union # [    0.305411] pci 0000:00:06.0: reg 0x20: [mem 0xfe00c000-0xfe00ffff 64bit pref]
vm-test-run-ensure-blocks> union # [    0.308480] pci 0000:00:07.0: [1af4:1009] type 00 class 0x000200
vm-test-run-ensure-blocks> union # [    0.309903] pci 0000:00:07.0: reg 0x10: [io  0xc180-0xc19f]
vm-test-run-ensure-blocks> union # [    0.310854] pci 0000:00:07.0: reg 0x14: [mem 0xfebd5000-0xfebd5fff]
vm-test-run-ensure-blocks> union # [    0.313411] pci 0000:00:07.0: reg 0x20: [mem 0xfe010000-0xfe013fff 64bit pref]
vm-test-run-ensure-blocks> union # [    0.315922] pci 0000:00:08.0: [1af4:1001] type 00 class 0x010000
vm-test-run-ensure-blocks> union # [    0.317411] pci 0000:00:08.0: reg 0x10: [io  0xc000-0xc07f]
vm-test-run-ensure-blocks> union # [    0.319411] pci 0000:00:08.0: reg 0x14: [mem 0xfebd6000-0xfebd6fff]
vm-test-run-ensure-blocks> union # [    0.322926] pci 0000:00:08.0: reg 0x20: [mem 0xfe014000-0xfe017fff 64bit pref]
vm-test-run-ensure-blocks> union # [    0.325446] pci 0000:00:09.0: [1af4:1000] type 00 class 0x020000
vm-test-run-ensure-blocks> union # [    0.326890] pci 0000:00:09.0: reg 0x10: [io  0xc1a0-0xc1bf]
vm-test-run-ensure-blocks> union # [    0.327839] pci 0000:00:09.0: reg 0x14: [mem 0xfebd7000-0xfebd7fff]
vm-test-run-ensure-blocks> union # [    0.330411] pci 0000:00:09.0: reg 0x20: [mem 0xfe018000-0xfe01bfff 64bit pref]
vm-test-run-ensure-blocks> union # [    0.333411] pci 0000:00:09.0: reg 0x30: [mem 0xfeb80000-0xfebbffff pref]
vm-test-run-ensure-blocks> union # [    0.335489] pci 0000:00:0a.0: [1af4:1052] type 00 class 0x090000
vm-test-run-ensure-blocks> union # [    0.337622] pci 0000:00:0a.0: reg 0x14: [mem 0xfebd8000-0xfebd8fff]
vm-test-run-ensure-blocks> union # [    0.339739] pci 0000:00:0a.0: reg 0x20: [mem 0xfe01c000-0xfe01ffff 64bit pref]
vm-test-run-ensure-blocks> union # [    0.341778] pci 0000:00:0b.0: [1af4:1003] type 00 class 0x078000
vm-test-run-ensure-blocks> union # [    0.343411] pci 0000:00:0b.0: reg 0x10: [io  0xc0c0-0xc0ff]
vm-test-run-ensure-blocks> union # [    0.344893] pci 0000:00:0b.0: reg 0x14: [mem 0xfebd9000-0xfebd9fff]
vm-test-run-ensure-blocks> union # [    0.348689] pci 0000:00:0b.0: reg 0x20: [mem 0xfe020000-0xfe023fff 64bit pref]
vm-test-run-ensure-blocks> union # [    0.351452] pci 0000:00:0c.0: [1af4:1005] type 00 class 0x00ff00
vm-test-run-ensure-blocks> union # [    0.352931] pci 0000:00:0c.0: reg 0x10: [io  0xc1c0-0xc1df]
vm-test-run-ensure-blocks> union # [    0.354861] pci 0000:00:0c.0: reg 0x14: [mem 0xfebda000-0xfebdafff]
vm-test-run-ensure-blocks> union # [    0.357411] pci 0000:00:0c.0: reg 0x20: [mem 0xfe024000-0xfe027fff 64bit pref]
vm-test-run-ensure-blocks> union # [    0.360511] ACPI: PCI: Interrupt link LNKA configured for IRQ 10
vm-test-run-ensure-blocks> union # [    0.361480] ACPI: PCI: Interrupt link LNKB configured for IRQ 10
vm-test-run-ensure-blocks> union # [    0.362471] ACPI: PCI: Interrupt link LNKC configured for IRQ 11
vm-test-run-ensure-blocks> union # [    0.363479] ACPI: PCI: Interrupt link LNKD configured for IRQ 11
vm-test-run-ensure-blocks> union # [    0.364450] ACPI: PCI: Interrupt link LNKS configured for IRQ 9
vm-test-run-ensure-blocks> union # [    0.365547] iommu: Default domain type: Translated
vm-test-run-ensure-blocks> union # [    0.366411] iommu: DMA domain TLB invalidation policy: lazy mode
vm-test-run-ensure-blocks> union # [    0.367576] NetLabel: Initializing
vm-test-run-ensure-blocks> union # [    0.367930] NetLabel:  domain hash size = 128
vm-test-run-ensure-blocks> union # [    0.368411] NetLabel:  protocols = UNLABELED CIPSOv4 CALIPSO
vm-test-run-ensure-blocks> union # [    0.369419] NetLabel:  unlabeled traffic allowed by default
vm-test-run-ensure-blocks> union # [    0.370411] PCI: Using ACPI for IRQ routing
vm-test-run-ensure-blocks> union # [    0.371515] pci 0000:00:02.0: vgaarb: setting as boot VGA device
vm-test-run-ensure-blocks> union # [    0.372120] pci 0000:00:02.0: vgaarb: bridge control possible
vm-test-run-ensure-blocks> union # [    0.372408] pci 0000:00:02.0: vgaarb: VGA device added: decodes=io+mem,owns=io+mem,locks=none
vm-test-run-ensure-blocks> union # [    0.372411] vgaarb: loaded
vm-test-run-ensure-blocks> union # [    0.372709] hpet0: at MMIO 0xfed00000, IRQs 2, 8, 0
vm-test-run-ensure-blocks> union # [    0.373411] hpet0: 3 comparators, 64-bit 100.000000 MHz counter
vm-test-run-ensure-blocks> union # [    0.377427] clocksource: Switched to clocksource kvm-clock
vm-test-run-ensure-blocks> union # [    0.383007] VFS: Disk quotas dquot_6.6.0
vm-test-run-ensure-blocks> union # [    0.383416] VFS: Dquot-cache hash table entries: 512 (order 0, 4096 bytes)
vm-test-run-ensure-blocks> union # [    0.384145] pnp: PnP ACPI init
vm-test-run-ensure-blocks> union # [    0.384626] pnp: PnP ACPI: found 6 devices
vm-test-run-ensure-blocks> union # [    0.390207] clocksource: acpi_pm: mask: 0xffffff max_cycles: 0xffffff, max_idle_ns: 2085701024 ns
vm-test-run-ensure-blocks> union # [    0.391109] clocksource: Switched to clocksource acpi_pm
vm-test-run-ensure-blocks> union # [    0.391674] NET: Registered PF_INET protocol family
vm-test-run-ensure-blocks> union # [    0.392363] IP idents hash table entries: 16384 (order: 5, 131072 bytes, linear)
vm-test-run-ensure-blocks> union # [    0.393750] tcp_listen_portaddr_hash hash table entries: 512 (order: 1, 8192 bytes, linear)
vm-test-run-ensure-blocks> union # [    0.394618] Table-perturb hash table entries: 65536 (order: 6, 262144 bytes, linear)
vm-test-run-ensure-blocks> union # [    0.395411] TCP established hash table entries: 8192 (order: 4, 65536 bytes, linear)
vm-test-run-ensure-blocks> union # [    0.396209] TCP bind hash table entries: 8192 (order: 6, 262144 bytes, linear)
vm-test-run-ensure-blocks> union # [    0.396965] TCP: Hash tables configured (established 8192 bind 8192)
vm-test-run-ensure-blocks> union # [    0.397629] MPTCP token hash table entries: 1024 (order: 2, 24576 bytes, linear)
vm-test-run-ensure-blocks> union # [    0.398395] UDP hash table entries: 512 (order: 2, 16384 bytes, linear)
vm-test-run-ensure-blocks> union # [    0.399082] UDP-Lite hash table entries: 512 (order: 2, 16384 bytes, linear)
vm-test-run-ensure-blocks> union # [    0.399809] NET: Registered PF_UNIX/PF_LOCAL protocol family
vm-test-run-ensure-blocks> union # [    0.400400] NET: Registered PF_XDP protocol family
vm-test-run-ensure-blocks> union # [    0.400891] pci_bus 0000:00: resource 4 [io  0x0000-0x0cf7 window]
vm-test-run-ensure-blocks> union # [    0.401535] pci_bus 0000:00: resource 5 [io  0x0d00-0xffff window]
vm-test-run-ensure-blocks> union # [    0.402174] pci_bus 0000:00: resource 6 [mem 0x000a0000-0x000bffff window]
vm-test-run-ensure-blocks> union # [    0.402863] pci_bus 0000:00: resource 7 [mem 0x40000000-0xfebfffff window]
vm-test-run-ensure-blocks> union # [    0.403566] pci_bus 0000:00: resource 8 [mem 0x100000000-0x17fffffff window]
vm-test-run-ensure-blocks> union # [    0.404310] pci 0000:00:01.0: PIIX3: Enabling Passive Release
vm-test-run-ensure-blocks> union # [    0.404901] pci 0000:00:00.0: Limiting direct PCI/PCI transfers
vm-test-run-ensure-blocks> union # [    0.414860] ACPI: \_SB_.LNKD: Enabled at IRQ 11
vm-test-run-ensure-blocks> union # [    0.425012] pci 0000:00:01.2: quirk_usb_early_handoff+0x0/0x750 took 19018 usecs
vm-test-run-ensure-blocks> union # [    0.425846] PCI: CLS 0 bytes, default 64
vm-test-run-ensure-blocks> union # [    0.426293] Trying to unpack rootfs image as initramfs...
vm-test-run-ensure-blocks> union # [    0.430126] clocksource: tsc: mask: 0xffffffffffffffff max_cycles: 0x6d8cab05ec1, max_idle_ns: 881590646801 ns
vm-test-run-ensure-blocks> union # [    0.432110] Initialise system trusted keyrings
vm-test-run-ensure-blocks> union # [    0.436989] workingset: timestamp_bits=40 max_order=18 bucket_order=0
vm-test-run-ensure-blocks> union # [    0.438439] zbud: loaded
vm-test-run-ensure-blocks> union # [    0.438834] Key type asymmetric registered
vm-test-run-ensure-blocks> union # [    0.439278] Asymmetric key parser 'x509' registered
vm-test-run-ensure-blocks> union # [    0.466961] Freeing initrd memory: 12428K
vm-test-run-ensure-blocks> union # [    0.467564] alg: self-tests for CTR-KDF (hmac(sha256)) passed
vm-test-run-ensure-blocks> union # [    0.468209] Block layer SCSI generic (bsg) driver version 0.4 loaded (major 252)
vm-test-run-ensure-blocks> union # [    0.469023] io scheduler mq-deadline registered
vm-test-run-ensure-blocks> union # [    0.469496] io scheduler kyber registered
vm-test-run-ensure-blocks> union # [    0.470110] Serial: 8250/16550 driver, 4 ports, IRQ sharing enabled
vm-test-run-ensure-blocks> union # [    0.470862] 00:04: ttyS0 at I/O 0x3f8 (irq = 4, base_baud = 115200) is a 16550A
vm-test-run-ensure-blocks> union # [    0.472015] drop_monitor: Initializing network drop monitor service
vm-test-run-ensure-blocks> union # [    0.477543] NET: Registered PF_INET6 protocol family
vm-test-run-ensure-blocks> union # [    0.478312] Segment Routing with IPv6
vm-test-run-ensure-blocks> union # [    0.478697] In-situ OAM (IOAM) with IPv6
vm-test-run-ensure-blocks> union # [    0.479204] IPI shorthand broadcast: enabled
vm-test-run-ensure-blocks> union # [    0.479660] sched_clock: Marking stable (393175885, 85935663)->(419154110, 59957438)
vm-test-run-ensure-blocks> union # [    0.480508] registered taskstats version 1
vm-test-run-ensure-blocks> union # [    0.480987] Loading compiled-in X.509 certificates
vm-test-run-ensure-blocks> union # [    0.481508] zswap: loaded using pool lzo/zbud
vm-test-run-ensure-blocks> union # [    0.482038] Key type .fscrypt registered
vm-test-run-ensure-blocks> union # [    0.482438] Key type fscrypt-provisioning registered
vm-test-run-ensure-blocks> union # [    0.483858] Freeing unused decrypted memory: 2036K
vm-test-run-ensure-blocks> union # [    0.484421] Freeing unused kernel image (initmem) memory: 1876K
vm-test-run-ensure-blocks> union # [    0.486964] Write protecting the kernel read-only data: 22528k
vm-test-run-ensure-blocks> union # [    0.487815] Freeing unused kernel image (text/rodata gap) memory: 2040K
vm-test-run-ensure-blocks> union # [    0.488484] Freeing unused kernel image (rodata/data gap) memory: 648K
vm-test-run-ensure-blocks> union # [    0.508360] x86/mm: Checked W+X mappings: passed, no W+X pages found.
vm-test-run-ensure-blocks> union # [    0.508847] Run /init as init process
vm-test-run-ensure-blocks> union # 
vm-test-run-ensure-blocks> union # <<< NixOS Stage 1 >>>
vm-test-run-ensure-blocks> union # 
vm-test-run-ensure-blocks> union # loading module virtio_balloon...
vm-test-run-ensure-blocks> union # loading module virtio_console...
vm-test-run-ensure-blocks> union # loading module virtio_rng...
vm-test-run-ensure-blocks> union # loading module dm_mod...
vm-test-run-ensure-blocks> union # [    0.536340] device-mapper: ioctl: 4.47.0-ioctl (2022-07-28) initialised: dm-devel@redhat.com
vm-test-run-ensure-blocks> union # running udev...
vm-test-run-ensure-blocks> union # Starting systemd-udevd version 253.3
vm-test-run-ensure-blocks> union # [    0.564711] rtc_cmos 00:05: RTC can wake from S4
vm-test-run-ensure-blocks> union # [    0.572292] i8042: PNP: PS/2 Controller [PNP0303:KBD,PNP0f13:MOU] at 0x60,0x64 irq 1,12
vm-test-run-ensure-blocks> union # [    0.573365] rtc_cmos 00:05: registered as rtc0
vm-test-run-ensure-blocks> union # [    0.573754] rtc_cmos 00:05: alarms up to one day, y3k, 242 bytes nvram, hpet irqs
vm-test-run-ensure-blocks> union # [    0.577464] serio: i8042 KBD port at 0x60,0x64 irq 1
vm-test-run-ensure-blocks> union # [    0.577848] serio: i8042 AUX port at 0x60,0x64 irq 12
vm-test-run-ensure-blocks> union # [    0.610699] SCSI subsystem initialized
vm-test-run-ensure-blocks> union # [    0.616074] ACPI: \_SB_.LNKC: Enabled at IRQ 10
vm-test-run-ensure-blocks> union # [    0.620059] ACPI: bus type USB registered
vm-test-run-ensure-blocks> union # [    0.620455] usbcore: registered new interface driver usbfs
vm-test-run-ensure-blocks> union # [    0.620903] usbcore: registered new interface driver hub
vm-test-run-ensure-blocks> union # [    0.621335] usbcore: registered new device driver usb
vm-test-run-ensure-blocks> union # [    0.652472] uhci_hcd 0000:00:01.2: UHCI Host Controller
vm-test-run-ensure-blocks> union # [    0.652891] uhci_hcd 0000:00:01.2: new USB bus registered, assigned bus number 1
vm-test-run-ensure-blocks> union # [    0.653487] uhci_hcd 0000:00:01.2: detected 2 ports
vm-test-run-ensure-blocks> union # [    0.657967] scsi host0: ata_piix
vm-test-run-ensure-blocks> union # [    0.658398] uhci_hcd 0000:00:01.2: irq 11, io port 0x0000c100
vm-test-run-ensure-blocks> union # [    0.658894] usb usb1: New USB device found, idVendor=1d6b, idProduct=0001, bcdDevice= 6.01
vm-test-run-ensure-blocks> union # [    0.659539] usb usb1: New USB device strings: Mfr=3, Product=2, SerialNumber=1
vm-test-run-ensure-blocks> union # [    0.660119] usb usb1: Product: UHCI Host Controller
vm-test-run-ensure-blocks> union # [    0.660492] usb usb1: Manufacturer: Linux 6.1.33 uhci_hcd
vm-test-run-ensure-blocks> union # [    0.660916] usb usb1: SerialNumber: 0000:00:01.2
vm-test-run-ensure-blocks> union # [    0.663987] scsi host1: ata_piix
vm-test-run-ensure-blocks> union # [    0.664270] ata1: PATA max MWDMA2 cmd 0x1f0 ctl 0x3f6 bmdma 0xc1e0 irq 14
vm-test-run-ensure-blocks> union # [    0.664787] ata2: PATA max MWDMA2 cmd 0x170 ctl 0x376 bmdma 0xc1e8 irq 15
vm-test-run-ensure-blocks> union # [    0.666017] hub 1-0:1.0: USB hub found
vm-test-run-ensure-blocks> union # [    0.666314] hub 1-0:1.0: 2 ports detected
vm-test-run-ensure-blocks> union # [    0.669862] ACPI: \_SB_.LNKA: Enabled at IRQ 10
vm-test-run-ensure-blocks> union # [    0.680351] ACPI: \_SB_.LNKB: Enabled at IRQ 11
vm-test-run-ensure-blocks> union # [    0.822092] ata2: found unknown device (class 0)
vm-test-run-ensure-blocks> union # [    0.823234] ata2.00: ATAPI: QEMU DVD-ROM, 2.5+, max UDMA/100
vm-test-run-ensure-blocks> union # [    0.824414] scsi 1:0:0:0: CD-ROM            QEMU     QEMU DVD-ROM     2.5+ PQ: 0 ANSI: 5
vm-test-run-ensure-blocks> union # [    0.856875] input: AT Translated Set 2 keyboard as /devices/platform/i8042/serio0/input/input0
vm-test-run-ensure-blocks> union # [    0.860851] virtio_blk virtio5: 1/0/0 default/read/poll queues
vm-test-run-ensure-blocks> union # [    0.871085] virtio_blk virtio5: [vda] 4194304 512-byte logical blocks (2.15 GB/2.00 GiB)
vm-test-run-ensure-blocks> union # [    0.877987] 9pnet: Installing 9P2000 support
vm-test-run-ensure-blocks> union # [    0.887957] usb 1-1: new full-speed USB device number 2 using uhci_hcd
vm-test-run-ensure-blocks> union # [    0.898417] sr 1:0:0:0: [sr0] scsi3-mmc drive: 4x/4x cd/rw xa/form2 tray
vm-test-run-ensure-blocks> union # [    0.899158] cdrom: Uniform CD-ROM driver Revision: 3.20
vm-test-run-ensure-blocks> union # [    1.056514] usb 1-1: New USB device found, idVendor=0627, idProduct=0001, bcdDevice= 0.00
vm-test-run-ensure-blocks> union # [    1.057319] usb 1-1: New USB device strings: Mfr=1, Product=3, SerialNumber=10
vm-test-run-ensure-blocks> union # [    1.057909] usb 1-1: Product: QEMU USB Tablet
vm-test-run-ensure-blocks> union # [    1.058261] usb 1-1: Manufacturer: QEMU
vm-test-run-ensure-blocks> union # [    1.058567] usb 1-1: SerialNumber: 28754-0000:00:01.2-1
vm-test-run-ensure-blocks> union # [    1.066152] hid: raw HID events driver (C) Jiri Kosina
vm-test-run-ensure-blocks> union # [    1.072159] usbcore: registered new interface driver usbhid
vm-test-run-ensure-blocks> union # [    1.072743] usbhid: USB HID core driver
vm-test-run-ensure-blocks> union # [    1.073871] input: QEMU QEMU USB Tablet as /devices/pci0000:00/0000:00:01.2/usb1/1-1/1-1:1.0/0003:0627:0001.0001/input/input2
vm-test-run-ensure-blocks> union # [    1.074805] hid-generic 0003:0627:0001.0001: input,hidraw0: USB HID v0.01 Mouse [QEMU QEMU USB Tablet] on usb-0000:00:01.2-1/input0
vm-test-run-ensure-blocks> union # kbd_mode: KDSKBMODE: Inappropriate ioctl for device
vm-test-run-ensure-blocks> union # %Gstarting device mapper and LVM...
vm-test-run-ensure-blocks> union # mke2fs 1.47.0 (5-Feb-2023)
vm-test-run-ensure-blocks> union # Discarding device blocks:      0/524288             done
vm-test-run-ensure-blocks> union # Creating filesystem with 524288 4k blocks and 131072 inodes
vm-test-run-ensure-blocks> union # Filesystem UUID: f5e7aa98-6b92-4b53-ba66-cb2a75e2890e
vm-test-run-ensure-blocks> union # Superblock backups stored on blocks:
vm-test-run-ensure-blocks> union #      32768, 98304, 163840, 229376, 294912
vm-test-run-ensure-blocks> union # 
vm-test-run-ensure-blocks> union # Allocating group tables:  0/16     done
vm-test-run-ensure-blocks> union # Writing inode tables:  0/16     done
vm-test-run-ensure-blocks> union # Creating journal (16384 blocks): done
vm-test-run-ensure-blocks> union # Writing superblocks and filesystem accounting information:  0/16     done
vm-test-run-ensure-blocks> union # 
vm-test-run-ensure-blocks> union # checking /dev/vda...
vm-test-run-ensure-blocks> union # fsck (busybox 1.36.1)
vm-test-run-ensure-blocks> union # [fsck.ext4 (1) -- /mnt-root/] fsck.ext4 -a /dev/vda
vm-test-run-ensure-blocks> union # /dev/vda: clean, 12/131072 files, 26284/524288 blocks
vm-test-run-ensure-blocks> union # mounting /dev/vda on /...
vm-test-run-ensure-blocks> union # [    1.281068] EXT4-fs (vda): mounted filesystem with ordered data mode. Quota mode: none.
vm-test-run-ensure-blocks> union # [    1.282149] EXT4-fs (vda): re-mounted. Quota mode: none.
vm-test-run-ensure-blocks> union # mounting nix-store on /nix/.ro-store...
vm-test-run-ensure-blocks> union # [    1.293993] FS-Cache: Loaded
vm-test-run-ensure-blocks> union # [    1.298022] 9p: Installing v9fs 9p2000 file system support
vm-test-run-ensure-blocks> union # mounting tmpfs on /nix/.rw-store...
vm-test-run-ensure-blocks> union # mounting shared on /tmp/shared...
vm-test-run-ensure-blocks> union # mounting xchg on /tmp/xchg...
vm-test-run-ensure-blocks> union # mounting overlay filesystem on /nix/store...
vm-test-run-ensure-blocks> union # 
vm-test-run-ensure-blocks> union # <<< NixOS Stage 2 >>>
vm-test-run-ensure-blocks> union # 
vm-test-run-ensure-blocks> union # [    1.383077] EXT4-fs (vda): re-mounted. Quota mode: none.
vm-test-run-ensure-blocks> union # [    1.384019] booting system configuration /nix/store/iaym2ickdclzlaa5q093syv8p7a78yy3-nixos-system-union-23.11pre-git
vm-test-run-ensure-blocks> union # running activation script...
vm-test-run-ensure-blocks> union # setting up /etc...
vm-test-run-ensure-blocks> union # starting systemd...
vm-test-run-ensure-blocks> union # [    2.156429] systemd[1]: Inserted module 'autofs4'
vm-test-run-ensure-blocks> union # [    2.177322] systemd[1]: systemd 253.3 running in system mode (+PAM +AUDIT -SELINUX +APPARMOR +IMA +SMACK +SECCOMP +GCRYPT -GNUTLS +OPENSSL +ACL +BLKID +CURL +ELFUTILS +FIDO2 +IDN2 -IDN +IPTC +KMOD +LIBCRYPTSETUP +LIBFDISK +PCRE2 -PWQUALITY +P11KIT -QRENCODE +TPM2 +BZIP2 +LZ4 +XZ +ZLIB +ZSTD +BPF_FRAMEWORK -XKBCOMMON +UTMP -SYSVINIT default-hierarchy=unified)
vm-test-run-ensure-blocks> union # [    2.179819] systemd[1]: Detected virtualization kvm.
vm-test-run-ensure-blocks> union # [    2.180291] systemd[1]: Detected architecture x86-64.
vm-test-run-ensure-blocks> union # [    2.182046] systemd[1]: Initializing machine ID from random generator.
vm-test-run-ensure-blocks> union # [    2.451991] systemd[1]: bpf-lsm: LSM BPF program attached
vm-test-run-ensure-blocks> union # [    2.766810] systemd[1]: Queued start job for default target Multi-User System.
vm-test-run-ensure-blocks> union # [    2.781406] systemd[1]: Created slice Slice /system/getty.
vm-test-run-ensure-blocks> union # [    2.782163] systemd[1]: Created slice Slice /system/modprobe.
vm-test-run-ensure-blocks> union # [    2.782919] systemd[1]: Created slice Slice /system/systemd-makefs.
vm-test-run-ensure-blocks> union # [    2.783715] systemd[1]: Created slice User and Session Slice.
vm-test-run-ensure-blocks> union # [    2.784337] systemd[1]: Started Dispatch Password Requests to Console Directory Watch.
vm-test-run-ensure-blocks> union # [    2.785034] systemd[1]: Started Forward Password Requests to Wall Directory Watch.
vm-test-run-ensure-blocks> union # [    2.785719] systemd[1]: Reached target Local Encrypted Volumes.
vm-test-run-ensure-blocks> union # [    2.786227] systemd[1]: Reached target Containers.
vm-test-run-ensure-blocks> union # [    2.786649] systemd[1]: Reached target Path Units.
vm-test-run-ensure-blocks> union # [    2.787069] systemd[1]: Reached target Remote File Systems.
vm-test-run-ensure-blocks> union # [    2.787536] systemd[1]: Reached target Slice Units.
vm-test-run-ensure-blocks> union # [    2.787962] systemd[1]: Reached target Swaps.
vm-test-run-ensure-blocks> union # [    2.790161] systemd[1]: Listening on Process Core Dump Socket.
vm-test-run-ensure-blocks> union # [    2.790986] systemd[1]: Listening on Journal Socket (/dev/log).
vm-test-run-ensure-blocks> union # [    2.791536] systemd[1]: Listening on Journal Socket.
vm-test-run-ensure-blocks> union # [    2.792273] systemd[1]: Listening on Userspace Out-Of-Memory (OOM) Killer Socket.
vm-test-run-ensure-blocks> union # [    2.793572] systemd[1]: Listening on udev Control Socket.
vm-test-run-ensure-blocks> union # [    2.794160] systemd[1]: Listening on udev Kernel Socket.
vm-test-run-ensure-blocks> union # [    2.799160] systemd[1]: Mounting Huge Pages File System...
vm-test-run-ensure-blocks> union # [    2.800876] systemd[1]: Mounting POSIX Message Queue File System...
vm-test-run-ensure-blocks> union # [    2.807229] systemd[1]: Mounting Kernel Debug File System...
vm-test-run-ensure-blocks> union # [    2.809894] systemd[1]: Starting Create List of Static Device Nodes...
vm-test-run-ensure-blocks> union # [    2.816202] systemd[1]: Starting Load Kernel Module configfs...
vm-test-run-ensure-blocks> union # [    2.818318] systemd[1]: Starting Load Kernel Module drm...
vm-test-run-ensure-blocks> union # [    2.825411] systemd[1]: Starting Load Kernel Module efi_pstore...
vm-test-run-ensure-blocks> union # [    2.827540] systemd[1]: Starting Load Kernel Module fuse...
vm-test-run-ensure-blocks> union # [    2.834048] systemd[1]: Starting mount-pstore.service...
vm-test-run-ensure-blocks> union # [    2.834521] systemd[1]: File System Check on Root Device was skipped because of an unmet condition check (ConditionPathIsReadWrite=!/).
vm-test-run-ensure-blocks> union # [    2.836564] systemd[1]: Starting Journal Service...
vm-test-run-ensure-blocks> union # [    2.842086] systemd[1]: Starting Load Kernel Modules...
vm-test-run-ensure-blocks> union # [    2.843152] systemd[1]: Starting Remount Root and Kernel File Systems...
vm-test-run-ensure-blocks> union # [    2.844339] systemd[1]: Starting Coldplug All udev Devices...
vm-test-run-ensure-blocks> union # [    2.845889] systemd[1]: Mounted Huge Pages File System.
vm-test-run-ensure-blocks> union # [    2.846832] systemd[1]: Mounted POSIX Message Queue File System.
vm-test-run-ensure-blocks> union # [    2.849745] systemd[1]: Mounted Kernel Debug File System.
vm-test-run-ensure-blocks> union # [    2.852240] systemd[1]: Finished Create List of Static Device Nodes.
vm-test-run-ensure-blocks> union # [    2.853459] systemd[1]: modprobe@configfs.service: Deactivated successfully.
vm-test-run-ensure-blocks> union # [    2.856198] systemd[1]: Finished Load Kernel Module configfs.
vm-test-run-ensure-blocks> union # [    2.856855] systemd[1]: modprobe@efi_pstore.service: Deactivated successfully.
vm-test-run-ensure-blocks> union # [    2.859206] systemd[1]: Finished Load Kernel Module efi_pstore.
vm-test-run-ensure-blocks> union # [    2.864981] systemd[1]: Mounting Kernel Configuration File System...
vm-test-run-ensure-blocks> union # [    2.866291] systemd[1]: Starting Create Static Device Nodes in /dev...
vm-test-run-ensure-blocks> union # [    2.869388] systemd[1]: Mounted Kernel Configuration File System.
vm-test-run-ensure-blocks> union # [    2.874882] EXT4-fs (vda): re-mounted. Quota mode: none.
vm-test-run-ensure-blocks> union # [    2.888195] systemd[1]: Finished Remount Root and Kernel File Systems.
vm-test-run-ensure-blocks> union # [    2.892093] systemd[1]: Starting Load/Save OS Random Seed...
vm-test-run-ensure-blocks> union # [    2.894298] systemd-journald[473]: Collecting audit messages is disabled.
vm-test-run-ensure-blocks> union # [    2.916208] systemd[1]: Finished Create Static Device Nodes in /dev.
vm-test-run-ensure-blocks> union # [    2.916826] systemd[1]: Reached target Preparation for Local File Systems.
vm-test-run-ensure-blocks> union # [    2.917418] systemd[1]: Reached target Local File Systems.
vm-test-run-ensure-blocks> union # [    2.921069] systemd[1]: Starting Rule-based Manager for Device Events and Files...
vm-test-run-ensure-blocks> union # [    2.923201] systemd[1]: Finished Load/Save OS Random Seed.
vm-test-run-ensure-blocks> union # [    2.930783] fuse: init (API version 7.37)
vm-test-run-ensure-blocks> union # [    2.939126] bridge: filtering via arp/ip/ip6tables is no longer available by default. Update your scripts to load br_netfilter if you need this.
vm-test-run-ensure-blocks> union # [    2.952018] systemd[1]: modprobe@fuse.service: Deactivated successfully.
vm-test-run-ensure-blocks> union # [    2.953160] systemd[1]: Finished Load Kernel Module fuse.
vm-test-run-ensure-blocks> union # [    2.963047] tun: Universal TUN/TAP device driver, 1.6
vm-test-run-ensure-blocks> union # [    2.972655] Bridge firewalling registered
vm-test-run-ensure-blocks> union # [    3.009208] systemd[1]: Started Rule-based Manager for Device Events and Files.
vm-test-run-ensure-blocks> union # [    3.017258] ACPI: bus type drm_connector registered
vm-test-run-ensure-blocks> union # [    3.022878] systemd[1]: modprobe@drm.service: Deactivated successfully.
vm-test-run-ensure-blocks> union # [    3.025185] systemd[1]: Finished Load Kernel Module drm.
vm-test-run-ensure-blocks> union # [    3.031460] loop: module loaded
vm-test-run-ensure-blocks> union # [    3.032052] systemd[1]: Starting Load Kernel Module fuse...
vm-test-run-ensure-blocks> union # [    3.040224] systemd[1]: Finished Load Kernel Modules.
vm-test-run-ensure-blocks> union # [    3.040845] systemd[1]: modprobe@fuse.service: Deactivated successfully.
vm-test-run-ensure-blocks> union # [    3.043135] systemd[1]: Finished Load Kernel Module fuse.
vm-test-run-ensure-blocks> union # [    3.045083] systemd[1]: Starting Firewall...
vm-test-run-ensure-blocks> union # [    3.046105] systemd[1]: Starting Apply Kernel Variables...
vm-test-run-ensure-blocks> union # [    3.056220] systemd[1]: Finished Coldplug All udev Devices.
vm-test-run-ensure-blocks> union # [    3.060051] systemd[1]: Started Journal Service.
vm-test-run-ensure-blocks> union # [    2.976522] systemd-modules-load[474]: Inserted module 'bridge'
vm-test-run-ensure-blocks> union # [    2.979470] systemd-modules-load[474]: Inserted module 'macvlan'
vm-test-run-ensure-blocks> union # [    2.983528] systemd-modules-load[474]: Inserted module 'tap'
vm-test-run-ensure-blocks> union # [    3.076876] systemd-journald[473]: Received client request to flush runtime journal.
vm-test-run-ensure-blocks> union # [    3.049767] systemd-udevd[486]: Using default interface naming scheme 'v253'.
vm-test-run-ensure-blocks> union # [    3.052945] systemd-modules-load[474]: Inserted module 'tun'
vm-test-run-ensure-blocks> union # [    3.057905] systemd-modules-load[474]: Inserted module 'veth'
vm-test-run-ensure-blocks> union # [    3.061091] systemd-modules-load[474]: Inserted module 'br_netfilter'
vm-test-run-ensure-blocks> union # [    3.066144] systemd-modules-load[474]: Inserted module 'xt_nat'
vm-test-run-ensure-blocks> union # [    3.069583] systemd-modules-load[474]: Inserted module 'loop'
vm-test-run-ensure-blocks> union # [    3.073697] systemd[1]: Starting Flush Journal to Persistent Storage...
vm-test-run-ensure-blocks> union # [    3.080270] systemd[1]: Finished Apply Kernel Variables.
vm-test-run-ensure-blocks> union # [    3.084777] systemd[1]: Starting Load Kernel Module fuse...
vm-test-run-ensure-blocks> union # [    3.097739] systemd[1]: modprobe@fuse.service: Deactivated successfully.
vm-test-run-ensure-blocks> union # [    3.113868] systemd[1]: Finished Load Kernel Module fuse.
vm-test-run-ensure-blocks> union # [    3.120617] systemd[1]: Finished Flush Journal to Persistent Storage.
vm-test-run-ensure-blocks> union # [    3.129365] systemd[1]: Starting Create Volatile Files and Directories...
vm-test-run-ensure-blocks> union # [    3.133690] systemd[1]: Finished Create Volatile Files and Directories.
vm-test-run-ensure-blocks> union # [    3.139490] systemd[1]: Starting Rebuild Journal Catalog...
vm-test-run-ensure-blocks> union # [    3.145368] systemd[1]: Starting Userspace Out-Of-Memory (OOM) Killer...
vm-test-run-ensure-blocks> union # [    3.150914] systemd[1]: Starting Record System Boot/Shutdown in UTMP...
vm-test-run-ensure-blocks> union # [    3.156714] systemd[1]: Condition check resulted in /dev/vda being skipped.
vm-test-run-ensure-blocks> union # [    3.162059] systemd[1]: Starting Make File System on /dev/vda...
vm-test-run-ensure-blocks> union # [    3.165308] systemd[1]: Finished Record System Boot/Shutdown in UTMP.
vm-test-run-ensure-blocks> union # [    3.169431] systemd-makefs[536]: '/dev/vda' is not empty (contains file system of type ext4), exiting.
vm-test-run-ensure-blocks> union # [    3.174404] systemd[1]: Finished Make File System on /dev/vda.
vm-test-run-ensure-blocks> union # [    3.177981] systemd[1]: Finished Rebuild Journal Catalog.
vm-test-run-ensure-blocks> union # [    3.182620] systemd[1]: Starting Update is Completed...
vm-test-run-ensure-blocks> union # [    3.186142] (udev-worker)[493]: eth1: Config file /etc/systemd/network/40-eth1.link is applied to device based on potentially unpredictable interface name.
vm-test-run-ensure-blocks> union # [    3.191884] (udev-worker)[493]: Network interface NamePolicy= disabled on kernel command line.
vm-test-run-ensure-blocks> union # [    3.195670] systemd[1]: Finished Update is Completed.
vm-test-run-ensure-blocks> union # [    3.197898] (udev-worker)[495]: Network interface NamePolicy= disabled on kernel command line.
vm-test-run-ensure-blocks> union # [    3.202387] systemd[1]: Found device /dev/ttyS0.
vm-test-run-ensure-blocks> union # [    3.205192] systemd[1]: Found device /dev/hvc0.
vm-test-run-ensure-blocks> union # [    3.207518] systemd-oomd[532]: Swap is currently not detected; memory pressure usage will be degraded
vm-test-run-ensure-blocks> union # [    3.210470] systemd[1]: Started Userspace Out-Of-Memory (OOM) Killer.
vm-test-run-ensure-blocks> union # [    3.239741] systemd[1]: Found device Virtio network device.
vm-test-run-ensure-blocks> union # [    3.359734] mousedev: PS/2 mouse device common for all mice
vm-test-run-ensure-blocks> union # [    3.387549] input: Power Button as /devices/LNXSYSTM:00/LNXPWRBN:00/input/input3
vm-test-run-ensure-blocks> union # [    3.393407] ACPI: button: Power Button [PWRF]
vm-test-run-ensure-blocks> union # [    3.406730] Floppy drive(s): fd0 is 2.88M AMI BIOS
vm-test-run-ensure-blocks> union # [    3.415059] parport_pc 00:03: reported by Plug and Play ACPI
vm-test-run-ensure-blocks> union # [    3.417984] parport0: PC-style at 0x378, irq 7 [PCSPP(,...)]
vm-test-run-ensure-blocks> union # [    3.424556] FDC 0 is a S82078B
vm-test-run-ensure-blocks> union # [    3.442357] Linux agpgart interface v0.103
vm-test-run-ensure-blocks> union # [    3.452423] piix4_smbus 0000:00:01.3: SMBus Host Controller at 0x700, revision 0
vm-test-run-ensure-blocks> union # [    3.476796] input: QEMU Virtio Keyboard as /devices/pci0000:00/0000:00:0a.0/virtio7/input/input4
vm-test-run-ensure-blocks> union # [    3.499072] cryptd: max_cpu_qlen set to 1000
vm-test-run-ensure-blocks> union # [    3.523089] input: VirtualPS/2 VMware VMMouse as /devices/platform/i8042/serio1/input/input6
vm-test-run-ensure-blocks> union # [    3.523911] input: VirtualPS/2 VMware VMMouse as /devices/platform/i8042/serio1/input/input5
vm-test-run-ensure-blocks> union # [    3.532468] AVX2 version of gcm_enc/dec engaged.
vm-test-run-ensure-blocks> union # [    3.538038] AES CTR mode by8 optimization enabled
vm-test-run-ensure-blocks> union # [    3.558809] bochs-drm 0000:00:02.0: vgaarb: deactivate vga console
vm-test-run-ensure-blocks> union # [    3.474549] systemd[1]: Finished Firewall.
vm-test-run-ensure-blocks> union # [    3.586517] ppdev: user-space parallel port driver
vm-test-run-ensure-blocks> union # [    3.597501] Console: switching to colour dummy device 80x25
vm-test-run-ensure-blocks> union # [    3.599702] [drm] Found bochs VGA, ID 0xb0c5.
vm-test-run-ensure-blocks> union # [    3.600095] [drm] Framebuffer size 16384 kB @ 0xfd000000, mmio @ 0xfebd0000.
vm-test-run-ensure-blocks> union # [    3.602058] [drm] Found EDID data blob.
vm-test-run-ensure-blocks> union # [    3.602609] [drm] Initialized bochs-drm 1.0.0 20130925 for 0000:00:02.0 on minor 0
vm-test-run-ensure-blocks> union # [    3.604303] fbcon: bochs-drmdrmfb (fb0) is primary device
vm-test-run-ensure-blocks> union # [    4.095219] Console: switching to colour frame buffer device 160x50
vm-test-run-ensure-blocks> union # [    4.221277] bochs-drm 0000:00:02.0: [drm] fb0: bochs-drmdrmfb frame buffer device
vm-test-run-ensure-blocks> union # [    4.008379] systemd[1]: Mounting FUSE Control File System...
vm-test-run-ensure-blocks> union # [    4.137335] systemd[1]: Mounted FUSE Control File System.
vm-test-run-ensure-blocks> union # [    4.299349] SVM: TSC scaling supported
vm-test-run-ensure-blocks> union # [    4.299675] kvm: Nested Virtualization enabled
vm-test-run-ensure-blocks> union # [    4.300055] SVM: kvm: Nested Paging enabled
vm-test-run-ensure-blocks> union # [    4.300552] SVM: Virtual VMLOAD VMSAVE supported
vm-test-run-ensure-blocks> union # [    4.300991] SVM: Virtual GIF supported
vm-test-run-ensure-blocks> union # [    4.301286] SVM: LBR virtualization supported
vm-test-run-ensure-blocks> union # [    4.310479] EDAC MC: Ver: 3.0.0
vm-test-run-ensure-blocks> union # [    4.983213] anr9dviwr16rndyn2ff056d0ixyl8bwg-mount-pstore.sh[477]: Persistent Storage backend was not registered in time.
vm-test-run-ensure-blocks> union # [    4.987899] systemd[1]: Finished mount-pstore.service.
vm-test-run-ensure-blocks> union # [    4.988767] systemd[1]: Platform Persistent Storage Archival was skipped because of an unmet condition check (ConditionDirectoryNotEmpty=/sys/fs/pstore).
vm-test-run-ensure-blocks> union # [    4.990542] systemd[1]: Reached target System Initialization.
vm-test-run-ensure-blocks> union # [    4.991350] systemd[1]: Started logrotate.timer.
vm-test-run-ensure-blocks> union # [    4.991984] systemd[1]: Started Daily Cleanup of Temporary Directories.
vm-test-run-ensure-blocks> union # [    4.994181] systemd[1]: Reached target Timer Units.
vm-test-run-ensure-blocks> union # [    4.994877] systemd[1]: Listening on D-Bus System Message Bus Socket.
vm-test-run-ensure-blocks> union # [    4.996163] systemd[1]: Starting Docker Socket for the API...
vm-test-run-ensure-blocks> union # [    4.997503] systemd[1]: Listening on Nix Daemon Socket.
vm-test-run-ensure-blocks> union # [    4.998139] systemd[1]: Listening on Docker Socket for the API.
vm-test-run-ensure-blocks> union # [    4.998782] systemd[1]: Reached target Socket Units.
vm-test-run-ensure-blocks> union # [    4.999366] systemd[1]: Reached target Basic System.
vm-test-run-ensure-blocks> union # [    5.004848] systemd[1]: Started arion-union.service.
vm-test-run-ensure-blocks> union # [    5.023939] systemd[1]: Starting Kernel Auditing...
vm-test-run-ensure-blocks> union # connecting to host...
vm-test-run-ensure-blocks> union # [    5.035809] dhcpcd[694]: dhcpcd-9.4.1 starting
vm-test-run-ensure-blocks> union # [    5.130205] 8021q: 802.1Q VLAN Support v1.8
vm-test-run-ensure-blocks> union # [    5.053517] systemd[1]: Started backdoor.service.
vm-test-run-ensure-blocks> union: Spawning backdoor root shell...
vm-test-run-ensure-blocks> union: connected to guest root shell
vm-test-run-ensure-blocks> union: (connecting took 5.38 seconds)
vm-test-run-ensure-blocks> (finished: waiting for the VM to finish booting, in 5.45 seconds)
vm-test-run-ensure-blocks> union # [    5.074985] arion-union-start[690]: docker compose file: /nix/store/akrdghmrbqxlidbdm1xh3wr9sx9mm91d-docker-compose.yaml
vm-test-run-ensure-blocks> union # [    5.099334] dhcpcd[701]: dev: loaded udev
vm-test-run-ensure-blocks> union # [    5.111450] systemd[1]: Starting D-Bus System Message Bus...
vm-test-run-ensure-blocks> union # [    5.205850] cfg80211: Loading compiled-in X.509 certificates for regulatory database
vm-test-run-ensure-blocks> union # [    5.122602] systemd[1]: Starting DHCP Client...
vm-test-run-ensure-blocks> union # [    5.126981] systemd[1]: Starting Logrotate configuration check...
vm-test-run-ensure-blocks> union # [    5.133250] dbus-daemon[693]: dbus[693]: Unknown username "systemd-timesync" in message bus configuration file
vm-test-run-ensure-blocks> union # [    5.142147] systemd[1]: Starting Name Service Cache Daemon (nsncd)...[    5.231082] cfg80211: Loaded X.509 cert 'sforshee: 00b28ddf47aef9cea7'
vm-test-run-ensure-blocks> union # 
vm-test-run-ensure-blocks> union # [    5.232491] platform regulatory.0: Direct firmware load for regulatory.db failed with error -2
vm-test-run-ensure-blocks> union # [    5.233190] cfg80211: failed to load regulatory.db
vm-test-run-ensure-blocks> union # [    5.152451] systemd[1]: Started Reset console on configuration changes.
vm-test-run-ensure-blocks> union # [    5.158267] logrotate[695]: warning: logrotate in debug mode does nothing except printing debug messages!  Consider using verbose mode (-v) instead if this is not what you want.
vm-test-run-ensure-blocks> union # [    5.168909] logrotate[695]: reading config file /nix/store/8miyxn0r575q4h44cq4abx0l022fi3a1-logrotate.conf
vm-test-run-ensure-blocks> union # [    5.175077] logrotate[695]: note: 'monthly' overrides previously specified 'weekly'
vm-test-run-ensure-blocks> union # [    5.179445] logrotate[695]: Reading state from file: /var/lib/logrotate.status
vm-test-run-ensure-blocks> union # [    5.180690] logrotate[695]: state file /var/lib/logrotate.status does not exist
vm-test-run-ensure-blocks> union # [    5.182355] logrotate[695]: Allocating hash table for state file, size 64 entries
vm-test-run-ensure-blocks> union # [    5.184515] logrotate[695]: Handling 2 logs
vm-test-run-ensure-blocks> union # [    5.185889] logrotate[695]: rotating pattern: "/var/log/btmp"  monthly (1 rotations)
vm-test-run-ensure-blocks> union # [    5.187110] logrotate[695]: empty log files are not rotated, only log files >= 1048576 bytes are rotated, old logs are removed
vm-test-run-ensure-blocks> union # [    5.189299] logrotate[695]: considering log /var/log/btmp
vm-test-run-ensure-blocks> union # [    5.191931] logrotate[695]: Creating new state
vm-test-run-ensure-blocks> union # [    5.194911] logrotate[695]:   Now: 2023-08-29 19:54
vm-test-run-ensure-blocks> union # [    5.196089] logrotate[695]:   Last rotated at 2023-08-29 19:00
vm-test-run-ensure-blocks> union # [    5.209547] logrotate[695]:   log does not need rotating (log has already been rotated)
vm-test-run-ensure-blocks> union # [    5.220148] logrotate[695]: rotating pattern: "/var/log/wtmp"  monthly (1 rotations)
vm-test-run-ensure-blocks> union # [    5.227117] logrotate[695]: empty log files are not rotated, only log files >= 1048576 bytes are rotated, old logs are removed
vm-test-run-ensure-blocks> union # [    5.228874] logrotate[695]: considering log /var/log/wtmp
vm-test-run-ensure-blocks> union # [    5.229674] logrotate[695]: Creating new state
vm-test-run-ensure-blocks> union # [    5.230366] logrotate[695]:   Now: 2023-08-29 19:54
vm-test-run-ensure-blocks> union # [    5.231285] logrotate[695]:   Last rotated at 2023-08-29 19:00
vm-test-run-ensure-blocks> union # [    5.232117] logrotate[695]:   log does not need rotating (log has already been rotated)
vm-test-run-ensure-blocks> union # [    5.233853] pqvfn3jvjzpkr9fl22b4xmqgcakk55ca-audit-disable[705]: No rules
vm-test-run-ensure-blocks> union # [    5.234993] systemd[1]: Starting resolvconf update...
vm-test-run-ensure-blocks> union # [    5.236976] systemd[1]: Finished Logrotate configuration check.
vm-test-run-ensure-blocks> union # [    5.238275] systemd[1]: Finished Kernel Auditing.
vm-test-run-ensure-blocks> union # [    5.241122] nsncd[696]: Aug 29 19:54:55.958 INFO started, handoff_timeout: 3s, worker_count: 8, path: "/var/run/nscd/socket"
vm-test-run-ensure-blocks> union # [    5.242411] systemd[1]: Started Name Service Cache Daemon (nsncd).
vm-test-run-ensure-blocks> union # [    5.244816] systemd[1]: Reached target Host and Network Name Lookups.
vm-test-run-ensure-blocks> union # [    5.246547] systemd[1]: Reached target User and Group Name Lookups.
vm-test-run-ensure-blocks> union # [    5.249063] nsncd[775]: Aug 29 19:54:56.136 INFO started, handoff_timeout: 3s, worker_count: 8, path: "/var/run/nscd/socket"
vm-test-run-ensure-blocks> union # [    5.251084] systemd[1]: Starting User Login Management...
vm-test-run-ensure-blocks> union # [    5.251911] systemd[1]: Listening on Load/Save RF Kill Switch Status /dev/rfkill Watch.
vm-test-run-ensure-blocks> union # [    5.253072] systemd[1]: Started D-Bus System Message Bus.
vm-test-run-ensure-blocks> union # [    5.254256] systemd-logind[719]: New seat seat0.
vm-test-run-ensure-blocks> union # [    5.255425] systemd-logind[719]: Watching system buttons on /dev/input/event2 (Power Button)
vm-test-run-ensure-blocks> union # [    5.257121] systemd-logind[719]: Watching system buttons on /dev/input/event3 (QEMU Virtio Keyboard)
vm-test-run-ensure-blocks> union # [    5.258471] systemd-logind[719]: Watching system buttons on /dev/input/event0 (AT Translated Set 2 keyboard)
vm-test-run-ensure-blocks> union # [    5.259762] systemd[1]: Started User Login Management.
vm-test-run-ensure-blocks> union # [    5.260676] systemd[1]: Stopped target Host and Network Name Lookups.
vm-test-run-ensure-blocks> union # [    5.261643] systemd[1]: Stopping Host and Network Name Lookups...
vm-test-run-ensure-blocks> union # [    5.262716] systemd[1]: Stopped target User and Group Name Lookups.
vm-test-run-ensure-blocks> union # [    5.263856] systemd[1]: Stopping User and Group Name Lookups...
vm-test-run-ensure-blocks> union # [    5.265132] systemd[1]: Stopping Name Service Cache Daemon (nsncd)...
vm-test-run-ensure-blocks> union # [    5.265995] systemd[1]: nscd.service: Deactivated successfully.
vm-test-run-ensure-blocks> union # [    5.267158] systemd[1]: Stopped Name Service Cache Daemon (nsncd).
vm-test-run-ensure-blocks> union # [    5.268212] systemd[1]: Starting Name Service Cache Daemon (nsncd)...
vm-test-run-ensure-blocks> union # [    5.269163] systemd[1]: Started Name Service Cache Daemon (nsncd).
vm-test-run-ensure-blocks> union # [    5.270127] systemd[1]: Reached target Host and Network Name Lookups.
vm-test-run-ensure-blocks> union # [    5.271210] systemd[1]: Reached target User and Group Name Lookups.
vm-test-run-ensure-blocks> union # [    5.272389] systemd[1]: Finished resolvconf update.
vm-test-run-ensure-blocks> union # [    5.273920] systemd[1]: Reached target Preparation for Network.
vm-test-run-ensure-blocks> union # [    5.275452] systemd[1]: Reached target All Network Interfaces (deprecated).
vm-test-run-ensure-blocks> union # [    5.276610] systemd[1]: Starting Address configuration of eth1...
vm-test-run-ensure-blocks> union # [    5.363740] 8021q: adding VLAN 0 to HW filter on device eth1
vm-test-run-ensure-blocks> union # [    5.282153] network-addresses-eth1-start[793]: adding address 192.168.1.3/24... done
vm-test-run-ensure-blocks> union # [    5.291894] systemd[1]: Finished Address configuration of eth1.
vm-test-run-ensure-blocks> union # [    5.295638] systemd[1]: Starting Networking Setup...
vm-test-run-ensure-blocks> union # [    5.340807] systemd[1]: Finished Networking Setup.
vm-test-run-ensure-blocks> union # [    5.346793] systemd[1]: Starting Extra networking commands....
vm-test-run-ensure-blocks> union # [    5.355147] systemd[1]: Finished Extra networking commands..
vm-test-run-ensure-blocks> union # [    5.355824] systemd[1]: Reached target Network.
vm-test-run-ensure-blocks> union # [    5.359827] systemd[1]: Starting Permit User Sessions...
vm-test-run-ensure-blocks> union # [    5.372474] systemd[1]: Finished Permit User Sessions.
vm-test-run-ensure-blocks> union # [    5.378432] systemd[1]: Started Getty on tty1.
vm-test-run-ensure-blocks> union # [    5.378959] systemd[1]: Reached target Login Prompts.
vm-test-run-ensure-blocks> union # [    6.292840] 8021q: adding VLAN 0 to HW filter on device eth0
vm-test-run-ensure-blocks> union # [    6.207614] dhcpcd[701]: eth0: waiting for carrier
vm-test-run-ensure-blocks> union # [    6.208454] dhcpcd[701]: eth0: carrier acquired
vm-test-run-ensure-blocks> union # [    6.213995] dhcpcd[701]: DUID 00:01:00:01:2c:81:09:91:52:54:00:12:34:56
vm-test-run-ensure-blocks> union # [    6.214798] dhcpcd[701]: eth0: IAID 00:12:34:56
vm-test-run-ensure-blocks> union # [    6.215465] dhcpcd[701]: eth0: adding address fe80::5054:ff:fe12:3456
vm-test-run-ensure-blocks> union # [    6.728418] dhcpcd[701]: eth0: soliciting an IPv6 router
vm-test-run-ensure-blocks> union # [    7.409905] dhcpcd[701]: eth0: Router Advertisement from fe80::2
vm-test-run-ensure-blocks> union # [    7.410609] dhcpcd[701]: eth0: adding address fec0::5054:ff:fe12:3456/64
vm-test-run-ensure-blocks> union # [    7.411318] dhcpcd[701]: eth0: adding route to fec0::/64
vm-test-run-ensure-blocks> union # [    7.411897] dhcpcd[701]: eth0: adding default route via fe80::2
vm-test-run-ensure-blocks> union # [    7.722481] dhcpcd[701]: eth0: soliciting a DHCP lease
vm-test-run-ensure-blocks> union # [    7.818199] NET: Registered PF_PACKET protocol family
vm-test-run-ensure-blocks> union # [    7.738530] dhcpcd[701]: eth0: offered 10.0.2.15 from 10.0.2.2
vm-test-run-ensure-blocks> union # [    7.740409] dhcpcd[701]: eth0: leased 10.0.2.15 for 86400 seconds
vm-test-run-ensure-blocks> union # [    7.741315] dhcpcd[701]: eth0: adding route to 10.0.2.0/24
vm-test-run-ensure-blocks> union # [    7.743203] dhcpcd[701]: eth0: adding default route via 10.0.2.2
vm-test-run-ensure-blocks> union # [    7.787605] systemd[1]: Stopped target Host and Network Name Lookups.
vm-test-run-ensure-blocks> union # [    7.788801] systemd[1]: Stopping Host and Network Name Lookups...
vm-test-run-ensure-blocks> union # [    7.789607] systemd[1]: Stopped target User and Group Name Lookups.
vm-test-run-ensure-blocks> union # [    7.790431] systemd[1]: Stopping User and Group Name Lookups...
vm-test-run-ensure-blocks> union # [    7.791191] systemd[1]: Stopping Name Service Cache Daemon (nsncd)...
vm-test-run-ensure-blocks> union # [    7.792218] systemd[1]: nscd.service: Deactivated successfully.
vm-test-run-ensure-blocks> union # [    7.796279] systemd[1]: Stopped Name Service Cache Daemon (nsncd).
vm-test-run-ensure-blocks> union # [    7.803448] systemd[1]: Starting Name Service Cache Daemon (nsncd)...
vm-test-run-ensure-blocks> union # [    7.810944] systemd[1]: Started Name Service Cache Daemon (nsncd).
vm-test-run-ensure-blocks> union # [    7.811901] nsncd[897]: Aug 29 19:54:58.719 INFO started, handoff_timeout: 3s, worker_count: 8, path: "/var/run/nscd/socket"
vm-test-run-ensure-blocks> union # [    7.813195] systemd[1]: Reached target Host and Network Name Lookups.
vm-test-run-ensure-blocks> union # [    7.814287] systemd[1]: Reached target User and Group Name Lookups.
vm-test-run-ensure-blocks> union # [    7.828801] dhcpcd[694]: Failed to reload-or-try-restart ntpd.service: Unit ntpd.service not found.
vm-test-run-ensure-blocks> union # [    7.830223] dhcpcd[694]: Failed to reload-or-try-restart openntpd.service: Unit openntpd.service not found.
vm-test-run-ensure-blocks> union # [    7.831831] dhcpcd[694]: Failed to reload-or-try-restart chronyd.service: Unit chronyd.service not found.
vm-test-run-ensure-blocks> union # [    7.835520] systemd[1]: Started DHCP Client.
vm-test-run-ensure-blocks> union # [    7.836060] systemd[1]: Reached target Network is Online.
vm-test-run-ensure-blocks> union # [    7.839809] systemd[1]: Starting Docker Application Container Engine...
vm-test-run-ensure-blocks> union # [    8.021629] dockerd[917]: time="2023-08-29T19:54:58.929553336Z" level=info msg="Starting up"
vm-test-run-ensure-blocks> union # [    8.028046] dockerd[917]: time="2023-08-29T19:54:58.937128600Z" level=info msg="libcontainerd: started new containerd process" pid=922
vm-test-run-ensure-blocks> union # [    8.029407] dockerd[917]: time="2023-08-29T19:54:58.938520118Z" level=info msg="parsed scheme: \"unix\"" module=grpc
vm-test-run-ensure-blocks> union # [    8.030622] dockerd[917]: time="2023-08-29T19:54:58.939666632Z" level=info msg="scheme \"unix\" not registered, fallback to default scheme" module=grpc
vm-test-run-ensure-blocks> union # [    8.053732] dockerd[917]: time="2023-08-29T19:54:58.962843042Z" level=info msg="ccResolverWrapper: sending update to cc: {[{unix:///var/run/docker/containerd/containerd.sock  <nil> 0 <nil>}] <nil> <nil>}" module=grpc
vm-test-run-ensure-blocks> union # [    8.055643] dockerd[917]: time="2023-08-29T19:54:58.964757810Z" level=info msg="ClientConn switching balancer to \"pick_first\"" module=grpc
vm-test-run-ensure-blocks> union # [    8.158208] dockerd[922]: time="2023-08-29T19:54:59Z" level=warning msg="containerd config version `1` has been deprecated and will be removed in containerd v2.0, please switch to version `2`, see https://github.com/containerd/containerd/blob/main/docs/PLUGINS.md#version-header"
vm-test-run-ensure-blocks> union # [    8.163339] dockerd[922]: time="2023-08-29T19:54:59.072338522Z" level=info msg="starting containerd" revision=v1.7.2 version=v1.7.2
vm-test-run-ensure-blocks> union # [    8.175099] dockerd[922]: time="2023-08-29T19:54:59.084209025Z" level=info msg="loading plugin \"io.containerd.content.v1.content\"..." type=io.containerd.content.v1
vm-test-run-ensure-blocks> union # [    8.177182] dockerd[922]: time="2023-08-29T19:54:59.086281914Z" level=info msg="loading plugin \"io.containerd.snapshotter.v1.aufs\"..." type=io.containerd.snapshotter.v1
vm-test-run-ensure-blocks> union # [    8.186601] dockerd[922]: time="2023-08-29T19:54:59.095708252Z" level=info msg="skip loading plugin \"io.containerd.snapshotter.v1.aufs\"..." error="aufs is not supported (modprobe aufs failed: exit status 1 \"modprobe: FATAL: Module aufs not found in directory /run/booted-system/kernel-modules/lib/modules/6.1.33\\n\"): skip plugin" type=io.containerd.snapshotter.v1
vm-test-run-ensure-blocks> union # [    8.189857] dockerd[922]: time="2023-08-29T19:54:59.098584316Z" level=info msg="loading plugin \"io.containerd.snapshotter.v1.btrfs\"..." type=io.containerd.snapshotter.v1
vm-test-run-ensure-blocks> union # [    8.191871] dockerd[922]: time="2023-08-29T19:54:59.098709751Z" level=info msg="skip loading plugin \"io.containerd.snapshotter.v1.btrfs\"..." error="path /var/lib/docker/containerd/daemon/io.containerd.snapshotter.v1.btrfs (ext4) must be a btrfs filesystem to be used with the btrfs snapshotter: skip plugin" type=io.containerd.snapshotter.v1
vm-test-run-ensure-blocks> union # [    8.194767] dockerd[922]: time="2023-08-29T19:54:59.098726513Z" level=info msg="loading plugin \"io.containerd.snapshotter.v1.devmapper\"..." type=io.containerd.snapshotter.v1
vm-test-run-ensure-blocks> union # [    8.196519] dockerd[922]: time="2023-08-29T19:54:59.098739922Z" level=warning msg="failed to load plugin io.containerd.snapshotter.v1.devmapper" error="devmapper not configured"
vm-test-run-ensure-blocks> union # [    8.198343] dockerd[922]: time="2023-08-29T19:54:59.098751097Z" level=info msg="loading plugin \"io.containerd.snapshotter.v1.native\"..." type=io.containerd.snapshotter.v1
vm-test-run-ensure-blocks> union # [    8.200109] dockerd[922]: time="2023-08-29T19:54:59.098794957Z" level=info msg="loading plugin \"io.containerd.snapshotter.v1.overlayfs\"..." type=io.containerd.snapshotter.v1
vm-test-run-ensure-blocks> union # [    8.201631] dockerd[922]: time="2023-08-29T19:54:59.100627872Z" level=info msg="loading plugin \"io.containerd.snapshotter.v1.zfs\"..." type=io.containerd.snapshotter.v1
vm-test-run-ensure-blocks> union # [    8.203099] dockerd[922]: time="2023-08-29T19:54:59.100861980Z" level=info msg="skip loading plugin \"io.containerd.snapshotter.v1.zfs\"..." error="path /var/lib/docker/containerd/daemon/io.containerd.snapshotter.v1.zfs must be a zfs filesystem to be used with the zfs snapshotter: skip plugin" type=io.containerd.snapshotter.v1
vm-test-run-ensure-blocks> union # [    8.205916] dockerd[922]: time="2023-08-29T19:54:59.100881256Z" level=info msg="loading plugin \"io.containerd.metadata.v1.bolt\"..." type=io.containerd.metadata.v1
vm-test-run-ensure-blocks> union # [    8.207837] dockerd[922]: time="2023-08-29T19:54:59.100930983Z" level=warning msg="could not use snapshotter devmapper in metadata plugin" error="devmapper not configured"
vm-test-run-ensure-blocks> union # [    8.209687] dockerd[922]: time="2023-08-29T19:54:59.100944672Z" level=info msg="metadata content store policy set" policy=shared
vm-test-run-ensure-blocks> union # [    8.228674] dockerd[922]: time="2023-08-29T19:54:59.137716943Z" level=info msg="loading plugin \"io.containerd.differ.v1.walking\"..." type=io.containerd.differ.v1
vm-test-run-ensure-blocks> union # [    8.230442] dockerd[922]: time="2023-08-29T19:54:59.137739572Z" level=info msg="loading plugin \"io.containerd.event.v1.exchange\"..." type=io.containerd.event.v1
vm-test-run-ensure-blocks> union # [    8.232187] dockerd[922]: time="2023-08-29T19:54:59.137752702Z" level=info msg="loading plugin \"io.containerd.gc.v1.scheduler\"..." type=io.containerd.gc.v1
vm-test-run-ensure-blocks> union # [    8.233703] dockerd[922]: time="2023-08-29T19:54:59.139347597Z" level=info msg="loading plugin \"io.containerd.service.v1.introspection-service\"..." type=io.containerd.service.v1
vm-test-run-ensure-blocks> union # [    8.235668] dockerd[922]: time="2023-08-29T19:54:59.139369108Z" level=info msg="loading plugin \"io.containerd.service.v1.containers-service\"..." type=io.containerd.service.v1
vm-test-run-ensure-blocks> union # [    8.237450] dockerd[922]: time="2023-08-29T19:54:59.139384194Z" level=info msg="loading plugin \"io.containerd.service.v1.content-service\"..." type=io.containerd.service.v1
vm-test-run-ensure-blocks> union # [    8.239529] dockerd[922]: time="2023-08-29T19:54:59.139413807Z" level=info msg="loading plugin \"io.containerd.service.v1.diff-service\"..." type=io.containerd.service.v1
vm-test-run-ensure-blocks> union # [    8.241198] dockerd[922]: time="2023-08-29T19:54:59.139431128Z" level=info msg="loading plugin \"io.containerd.service.v1.images-service\"..." type=io.containerd.service.v1
vm-test-run-ensure-blocks> union # [    8.242840] dockerd[922]: time="2023-08-29T19:54:59.139445096Z" level=info msg="loading plugin \"io.containerd.service.v1.leases-service\"..." type=io.containerd.service.v1
vm-test-run-ensure-blocks> union # [    8.244508] dockerd[922]: time="2023-08-29T19:54:59.139457947Z" level=info msg="loading plugin \"io.containerd.service.v1.namespaces-service\"..." type=io.containerd.service.v1
vm-test-run-ensure-blocks> union # [    8.246322] dockerd[922]: time="2023-08-29T19:54:59.139475267Z" level=info msg="loading plugin \"io.containerd.service.v1.snapshots-service\"..." type=io.containerd.service.v1
vm-test-run-ensure-blocks> union # [    8.248135] dockerd[922]: time="2023-08-29T19:54:59.139488397Z" level=info msg="loading plugin \"io.containerd.runtime.v1.linux\"..." type=io.containerd.runtime.v1
vm-test-run-ensure-blocks> union # [    8.249981] dockerd[922]: time="2023-08-29T19:54:59.139625566Z" level=info msg="loading plugin \"io.containerd.runtime.v2.task\"..." type=io.containerd.runtime.v2
vm-test-run-ensure-blocks> union # [    8.251528] dockerd[922]: time="2023-08-29T19:54:59.141041667Z" level=info msg="loading plugin \"io.containerd.monitor.v1.cgroups\"..." type=io.containerd.monitor.v1
vm-test-run-ensure-blocks> union # [    8.254993] dockerd[922]: time="2023-08-29T19:54:59.144639052Z" level=info msg="loading plugin \"io.containerd.service.v1.tasks-service\"..." type=io.containerd.service.v1
vm-test-run-ensure-blocks> union # [    8.256832] dockerd[922]: time="2023-08-29T19:54:59.144728728Z" level=info msg="loading plugin \"io.containerd.grpc.v1.introspection\"..." type=io.containerd.grpc.v1
vm-test-run-ensure-blocks> union # [    8.258769] dockerd[922]: time="2023-08-29T19:54:59.144761973Z" level=info msg="loading plugin \"io.containerd.internal.v1.restart\"..." type=io.containerd.internal.v1
vm-test-run-ensure-blocks> union # [    8.260517] dockerd[922]: time="2023-08-29T19:54:59.148137262Z" level=info msg="loading plugin \"io.containerd.grpc.v1.containers\"..." type=io.containerd.grpc.v1
vm-test-run-ensure-blocks> union # [    8.262088] dockerd[922]: time="2023-08-29T19:54:59.148195649Z" level=info msg="loading plugin \"io.containerd.grpc.v1.content\"..." type=io.containerd.grpc.v1
vm-test-run-ensure-blocks> union # [    8.263572] dockerd[922]: time="2023-08-29T19:54:59.148210456Z" level=info msg="loading plugin \"io.containerd.grpc.v1.diff\"..." type=io.containerd.grpc.v1
vm-test-run-ensure-blocks> union # [    8.265479] dockerd[922]: time="2023-08-29T19:54:59.148223586Z" level=info msg="loading plugin \"io.containerd.grpc.v1.events\"..." type=io.containerd.grpc.v1
vm-test-run-ensure-blocks> union # [    8.266962] dockerd[922]: time="2023-08-29T19:54:59.148237275Z" level=info msg="loading plugin \"io.containerd.grpc.v1.healthcheck\"..." type=io.containerd.grpc.v1
vm-test-run-ensure-blocks> union # [    8.268549] dockerd[922]: time="2023-08-29T19:54:59.148265211Z" level=info msg="loading plugin \"io.containerd.grpc.v1.images\"..." type=io.containerd.grpc.v1
vm-test-run-ensure-blocks> union # [    8.270070] dockerd[922]: time="2023-08-29T19:54:59.148278621Z" level=info msg="loading plugin \"io.containerd.grpc.v1.leases\"..." type=io.containerd.grpc.v1
vm-test-run-ensure-blocks> union # [    8.271584] dockerd[922]: time="2023-08-29T19:54:59.148291751Z" level=info msg="loading plugin \"io.containerd.grpc.v1.namespaces\"..." type=io.containerd.grpc.v1
vm-test-run-ensure-blocks> union # [    8.273143] dockerd[922]: time="2023-08-29T19:54:59.148304881Z" level=info msg="loading plugin \"io.containerd.internal.v1.opt\"..." type=io.containerd.internal.v1
vm-test-run-ensure-blocks> union # [    8.274749] dockerd[922]: time="2023-08-29T19:54:59.148389808Z" level=info msg="loading plugin \"io.containerd.grpc.v1.snapshots\"..." type=io.containerd.grpc.v1
vm-test-run-ensure-blocks> union # [    8.276589] dockerd[922]: time="2023-08-29T19:54:59.148406570Z" level=info msg="loading plugin \"io.containerd.grpc.v1.tasks\"..." type=io.containerd.grpc.v1
vm-test-run-ensure-blocks> union # [    8.278262] dockerd[922]: time="2023-08-29T19:54:59.148419700Z" level=info msg="loading plugin \"io.containerd.grpc.v1.version\"..." type=io.containerd.grpc.v1
vm-test-run-ensure-blocks> union # [    8.280183] dockerd[922]: time="2023-08-29T19:54:59.148433110Z" level=info msg="loading plugin \"io.containerd.tracing.processor.v1.otlp\"..." type=io.containerd.tracing.processor.v1
vm-test-run-ensure-blocks> union # [    8.281957] dockerd[922]: time="2023-08-29T19:54:59.148523345Z" level=info msg="skip loading plugin \"io.containerd.tracing.processor.v1.otlp\"..." error="no OpenTelemetry endpoint: skip plugin" type=io.containerd.tracing.processor.v1
vm-test-run-ensure-blocks> union # [    8.283984] dockerd[922]: time="2023-08-29T19:54:59.148572792Z" level=info msg="loading plugin \"io.containerd.internal.v1.tracing\"..." type=io.containerd.internal.v1
vm-test-run-ensure-blocks> union # [    8.285622] dockerd[922]: time="2023-08-29T19:54:59.153536272Z" level=error msg="failed to initialize a tracing processor \"otlp\"" error="no OpenTelemetry endpoint: skip plugin"
vm-test-run-ensure-blocks> union # [    8.287292] dockerd[922]: time="2023-08-29T19:54:59.158961543Z" level=info msg=serving... address=/var/run/docker/containerd/containerd-debug.sock
vm-test-run-ensure-blocks> union # [    8.288644] dockerd[922]: time="2023-08-29T19:54:59.158997581Z" level=info msg=serving... address=/var/run/docker/containerd/containerd.sock.ttrpc
vm-test-run-ensure-blocks> union # [    8.290047] dockerd[922]: time="2023-08-29T19:54:59.159058203Z" level=info msg=serving... address=/var/run/docker/containerd/containerd.sock
vm-test-run-ensure-blocks> union # [    8.291348] dockerd[922]: time="2023-08-29T19:54:59.159077200Z" level=info msg="containerd successfully booted in 0.092780s"
vm-test-run-ensure-blocks> union # [    8.297880] dockerd[917]: time="2023-08-29T19:54:59.206631847Z" level=info msg="parsed scheme: \"unix\"" module=grpc
vm-test-run-ensure-blocks> union # [    8.299357] dockerd[917]: time="2023-08-29T19:54:59.206653079Z" level=info msg="scheme \"unix\" not registered, fallback to default scheme" module=grpc
vm-test-run-ensure-blocks> union # [    8.300850] dockerd[917]: time="2023-08-29T19:54:59.206670120Z" level=info msg="ccResolverWrapper: sending update to cc: {[{unix:///var/run/docker/containerd/containerd.sock  <nil> 0 <nil>}] <nil> <nil>}" module=grpc
vm-test-run-ensure-blocks> union # [    8.302985] dockerd[917]: time="2023-08-29T19:54:59.206708673Z" level=info msg="ClientConn switching balancer to \"pick_first\"" module=grpc
vm-test-run-ensure-blocks> union # [    8.307108] dockerd[917]: time="2023-08-29T19:54:59.215688864Z" level=info msg="parsed scheme: \"unix\"" module=grpc
vm-test-run-ensure-blocks> union # [    8.308540] dockerd[917]: time="2023-08-29T19:54:59.215704229Z" level=info msg="scheme \"unix\" not registered, fallback to default scheme" module=grpc
vm-test-run-ensure-blocks> union # [    8.310311] dockerd[917]: time="2023-08-29T19:54:59.215719036Z" level=info msg="ccResolverWrapper: sending update to cc: {[{unix:///var/run/docker/containerd/containerd.sock  <nil> 0 <nil>}] <nil> <nil>}" module=grpc
vm-test-run-ensure-blocks> union # [    8.312399] dockerd[917]: time="2023-08-29T19:54:59.215729651Z" level=info msg="ClientConn switching balancer to \"pick_first\"" module=grpc
vm-test-run-ensure-blocks> union # [    8.322069] systemd[1]: var-lib-docker-check\x2doverlayfs\x2dsupport2624631568-merged.mount: Deactivated successfully.
vm-test-run-ensure-blocks> union # [    8.381048] dockerd[917]: time="2023-08-29T19:54:59.290121509Z" level=info msg="Loading containers: start."
vm-test-run-ensure-blocks> union # [    8.674205] Initializing XFRM netlink socket
vm-test-run-ensure-blocks> union # [    8.605243] dockerd[917]: time="2023-08-29T19:54:59.514354477Z" level=info msg="Default bridge (docker0) is assigned with an IP address 172.17.0.0/16. Daemon option --bip can be used to set a preferred IP address"
vm-test-run-ensure-blocks> union # [    8.608868] (udev-worker)[877]: Network interface NamePolicy= disabled on kernel command line.
vm-test-run-ensure-blocks> union # [    8.749218] dockerd[917]: time="2023-08-29T19:54:59.658321936Z" level=info msg="Loading containers: done."
vm-test-run-ensure-blocks> union # [    8.795142] systemd[1]: var-lib-docker-overlay2-opaque\x2dbug\x2dcheck105260012-merged.mount: Deactivated successfully.
vm-test-run-ensure-blocks> union # [    8.812091] dockerd[917]: time="2023-08-29T19:54:59.721134668Z" level=info msg="Docker daemon" commit=v20.10.23 graphdriver(s)=overlay2 version=20.10.23
vm-test-run-ensure-blocks> union # [    8.813710] dockerd[917]: time="2023-08-29T19:54:59.722825944Z" level=info msg="Daemon has completed initialization"
vm-test-run-ensure-blocks> union # [    8.893113] systemd[1]: Started Docker Application Container Engine.
vm-test-run-ensure-blocks> union # [    8.893816] systemd[1]: Reached target Multi-User System.
vm-test-run-ensure-blocks> union # [    9.016492] systemd[1]: Startup finished in 2.054s (kernel) + 6.838s (userspace) = 8.893s.
vm-test-run-ensure-blocks> union # [    9.034967] dockerd[917]: time="2023-08-29T19:54:59.943866328Z" level=info msg="API listen on /run/docker.sock"
vm-test-run-ensure-blocks> union # [    9.037756] dockerd[917]: time="2023-08-29T19:54:59.946725630Z" level=info msg="API listen on /run/docker.sock"
vm-test-run-ensure-blocks> union # [    9.194233] arion-union-start[1032]: No 'fromImage' provided
vm-test-run-ensure-blocks> union # [    9.194935] arion-union-start[1032]: Creating layer 1 from paths: ['/nix/store/gsxrw0g0as0j40q4513igx9c2g0qf5s4-libunistring-1.1']
vm-test-run-ensure-blocks> union # [    9.255719] arion-union-start[1032]: Creating layer 2 from paths: ['/nix/store/4b3rnvq1cl5ihavg96gkwjr61857d67g-libidn2-2.3.4']
vm-test-run-ensure-blocks> union # [    9.441411] arion-union-start[1032]: Creating layer 3 from paths: ['/nix/store/8jq7wailfnal1f7mwfzg76jbmccba5ml-xgcc-12.3.0-libgcc']
vm-test-run-ensure-blocks> union # [    9.454227] arion-union-start[1032]: Creating layer 4 from paths: ['/nix/store/flf14c3ibr83jsa070j25hg5gjapydhl-glibc-2.37-8']
vm-test-run-ensure-blocks> union # [   11.661891] arion-union-start[1032]: Creating layer 5 from paths: ['/nix/store/v75y3qd2i450dgpmd2i9qk9vwmn0qmrh-gcc-12.3.0-libgcc']
vm-test-run-ensure-blocks> union # [   11.673212] arion-union-start[1032]: Creating layer 6 from paths: ['/nix/store/ykzqv6i5z0m8hwlqg0gjgn1jw021g74q-attr-2.5.1']
vm-test-run-ensure-blocks> union # [   11.758970] arion-union-start[1032]: Creating layer 7 from paths: ['/nix/store/2x0zz4vhm3alm5i3wvhdr8l5x09k7q4p-cargo-git']
vm-test-run-ensure-blocks> union # [   12.808985] arion-union-start[1032]: Creating layer 8 from paths: ['/nix/store/g8k061z5vk52vb9hs02hgyjlgcs610xi-cargo-package-addr2line-0.17.0']
vm-test-run-ensure-blocks> union # [   12.854979] arion-union-start[1032]: Creating layer 9 from paths: ['/nix/store/sh01w27g99irgcjkcakzji8l68mqmjli-cargo-package-adler-1.0.2']
vm-test-run-ensure-blocks> union # [   12.891730] arion-union-start[1032]: Creating layer 10 from paths: ['/nix/store/hj8n3m8ax70i939znrc4svyb7hxwbq3j-cargo-package-ahash-0.7.6']
vm-test-run-ensure-blocks> union # [   12.951208] arion-union-start[1032]: Creating layer 11 from paths: ['/nix/store/b910vd7alis43520zdiiw0n95ffdlhhn-cargo-package-atty-0.2.14']
vm-test-run-ensure-blocks> union # [   12.978708] arion-union-start[1032]: Creating layer 12 from paths: ['/nix/store/hhkx5bkpp1yki9j6qaiq29ggkqnmhxnj-cargo-package-autocfg-1.1.0']
vm-test-run-ensure-blocks> union # [   13.017951] arion-union-start[1032]: Creating layer 13 from paths: ['/nix/store/gr4qiv10vk4996m5acm7bc3vapahlq1d-cargo-package-backtrace-0.3.63']
vm-test-run-ensure-blocks> union # [   13.213788] arion-union-start[1032]: Creating layer 14 from paths: ['/nix/store/h67ddcagpckk2b29dpvcs6dkzfc6kfx8-cargo-package-base16ct-0.1.1']
vm-test-run-ensure-blocks> union # [   13.250021] arion-union-start[1032]: Creating layer 15 from paths: ['/nix/store/vid3xzly4dd8nmbvkilckn7nzsd1xcmr-cargo-package-base64-0.13.0']
vm-test-run-ensure-blocks> union # [   13.333083] arion-union-start[1032]: Creating layer 16 from paths: ['/nix/store/hj6fshq0rfc409f784rwwc7xv4k5dnz0-cargo-package-base64ct-1.5.0']
vm-test-run-ensure-blocks> union # [   13.393746] arion-union-start[1032]: Creating layer 17 from paths: ['/nix/store/ra5x1f1jqk2qzlmn38xaj45cd6mfc73a-cargo-package-bitflags-1.3.2']
vm-test-run-ensure-blocks> union # [   13.494952] arion-union-start[1032]: Creating layer 18 from paths: ['/nix/store/x4k2ylcmr5kksd5kjq6ixk4qr3vi2a6x-cargo-package-block-buffer-0.10.2']
vm-test-run-ensure-blocks> union # [   13.521595] arion-union-start[1032]: Creating layer 19 from paths: ['/nix/store/dchbfi7v64y6y5r94a1pwizlz7cqdc9k-cargo-package-block-buffer-0.9.0']
vm-test-run-ensure-blocks> union # [   13.539205] arion-union-start[1032]: Creating layer 20 from paths: ['/nix/store/fx913ak1if58fcizzasr2l9276vhjkap-cargo-package-bumpalo-3.12.0']
vm-test-run-ensure-blocks> union # [   13.587713] arion-union-start[1032]: Creating layer 21 from paths: ['/nix/store/pmbw8w3pinfx4zqsb1wkwpm2qyf8am1d-cargo-package-bytecheck-0.6.7']
vm-test-run-ensure-blocks> union # [   13.610732] arion-union-start[1032]: Creating layer 22 from paths: ['/nix/store/0vb4g17362f85i6hb1n7vv0xc13s50fq-cargo-package-bytecheck_derive-0.6.7']
vm-test-run-ensure-blocks> union # [   13.627419] arion-union-start[1032]: Creating layer 23 from paths: ['/nix/store/r0z33sz62dwkbz9im24ifp1lfl79g4w2-cargo-package-byteorder-1.4.3']
vm-test-run-ensure-blocks> union # [   13.667805] arion-union-start[1032]: Creating layer 24 from paths: ['/nix/store/4xq62k8hj8n7vnl7r5lrkl7fnvbbn2s5-cargo-package-cbindgen-0.24.3']
vm-test-run-ensure-blocks> union # [   15.883423] arion-union-start[1032]: Creating layer 25 from paths: ['/nix/store/c62d8pwxr5ha8ny9c8r5agx2dqibi6mk-cargo-package-cc-1.0.72']
